Archive member included to satisfy reference by file (symbol)

c:/program files (x86)/atmel/studio/7.0/toolchain/arm/arm-gnu-toolchain/bin/../lib/gcc/arm-none-eabi/6.3.1/../../../../arm-none-eabi/lib/thumb/v7e-m\libc_nano.a(lib_a-exit.o)
                              c:/program files (x86)/atmel/studio/7.0/toolchain/arm/arm-gnu-toolchain/bin/../lib/gcc/arm-none-eabi/6.3.1/../../../../arm-none-eabi/lib/thumb/v7e-m/crt0.o (exit)
c:/program files (x86)/atmel/studio/7.0/toolchain/arm/arm-gnu-toolchain/bin/../lib/gcc/arm-none-eabi/6.3.1/../../../../arm-none-eabi/lib/thumb/v7e-m\libc_nano.a(lib_a-impure.o)
                              c:/program files (x86)/atmel/studio/7.0/toolchain/arm/arm-gnu-toolchain/bin/../lib/gcc/arm-none-eabi/6.3.1/../../../../arm-none-eabi/lib/thumb/v7e-m\libc_nano.a(lib_a-exit.o) (_global_impure_ptr)
c:/program files (x86)/atmel/studio/7.0/toolchain/arm/arm-gnu-toolchain/bin/../lib/gcc/arm-none-eabi/6.3.1/../../../../arm-none-eabi/lib/thumb/v7e-m\libc_nano.a(lib_a-init.o)
                              c:/program files (x86)/atmel/studio/7.0/toolchain/arm/arm-gnu-toolchain/bin/../lib/gcc/arm-none-eabi/6.3.1/../../../../arm-none-eabi/lib/thumb/v7e-m/crt0.o (__libc_init_array)
c:/program files (x86)/atmel/studio/7.0/toolchain/arm/arm-gnu-toolchain/bin/../lib/gcc/arm-none-eabi/6.3.1/../../../../arm-none-eabi/lib/thumb/v7e-m\libc_nano.a(lib_a-malloc.o)
                              iso_spi_main_functions.o (malloc)
c:/program files (x86)/atmel/studio/7.0/toolchain/arm/arm-gnu-toolchain/bin/../lib/gcc/arm-none-eabi/6.3.1/../../../../arm-none-eabi/lib/thumb/v7e-m\libc_nano.a(lib_a-memcpy-stub.o)
                              iso_spi_main_functions.o (memcpy)
c:/program files (x86)/atmel/studio/7.0/toolchain/arm/arm-gnu-toolchain/bin/../lib/gcc/arm-none-eabi/6.3.1/../../../../arm-none-eabi/lib/thumb/v7e-m\libc_nano.a(lib_a-memset.o)
                              c:/program files (x86)/atmel/studio/7.0/toolchain/arm/arm-gnu-toolchain/bin/../lib/gcc/arm-none-eabi/6.3.1/../../../../arm-none-eabi/lib/thumb/v7e-m/crt0.o (memset)
c:/program files (x86)/atmel/studio/7.0/toolchain/arm/arm-gnu-toolchain/bin/../lib/gcc/arm-none-eabi/6.3.1/../../../../arm-none-eabi/lib/thumb/v7e-m\libc_nano.a(lib_a-nano-freer.o)
                              c:/program files (x86)/atmel/studio/7.0/toolchain/arm/arm-gnu-toolchain/bin/../lib/gcc/arm-none-eabi/6.3.1/../../../../arm-none-eabi/lib/thumb/v7e-m\libc_nano.a(lib_a-malloc.o) (_free_r)
c:/program files (x86)/atmel/studio/7.0/toolchain/arm/arm-gnu-toolchain/bin/../lib/gcc/arm-none-eabi/6.3.1/../../../../arm-none-eabi/lib/thumb/v7e-m\libc_nano.a(lib_a-nano-mallocr.o)
                              c:/program files (x86)/atmel/studio/7.0/toolchain/arm/arm-gnu-toolchain/bin/../lib/gcc/arm-none-eabi/6.3.1/../../../../arm-none-eabi/lib/thumb/v7e-m\libc_nano.a(lib_a-malloc.o) (_malloc_r)
c:/program files (x86)/atmel/studio/7.0/toolchain/arm/arm-gnu-toolchain/bin/../lib/gcc/arm-none-eabi/6.3.1/../../../../arm-none-eabi/lib/thumb/v7e-m\libc_nano.a(lib_a-printf.o)
                              hal/utils/src/utils_syscalls.o (printf)
c:/program files (x86)/atmel/studio/7.0/toolchain/arm/arm-gnu-toolchain/bin/../lib/gcc/arm-none-eabi/6.3.1/../../../../arm-none-eabi/lib/thumb/v7e-m\libc_nano.a(lib_a-sbrkr.o)
                              c:/program files (x86)/atmel/studio/7.0/toolchain/arm/arm-gnu-toolchain/bin/../lib/gcc/arm-none-eabi/6.3.1/../../../../arm-none-eabi/lib/thumb/v7e-m\libc_nano.a(lib_a-nano-mallocr.o) (_sbrk_r)
c:/program files (x86)/atmel/studio/7.0/toolchain/arm/arm-gnu-toolchain/bin/../lib/gcc/arm-none-eabi/6.3.1/../../../../arm-none-eabi/lib/thumb/v7e-m\libc_nano.a(lib_a-findfp.o)
                              c:/program files (x86)/atmel/studio/7.0/toolchain/arm/arm-gnu-toolchain/bin/../lib/gcc/arm-none-eabi/6.3.1/../../../../arm-none-eabi/lib/thumb/v7e-m\libc_nano.a(lib_a-printf.o) (__sinit)
c:/program files (x86)/atmel/studio/7.0/toolchain/arm/arm-gnu-toolchain/bin/../lib/gcc/arm-none-eabi/6.3.1/../../../../arm-none-eabi/lib/thumb/v7e-m\libc_nano.a(lib_a-fwalk.o)
                              c:/program files (x86)/atmel/studio/7.0/toolchain/arm/arm-gnu-toolchain/bin/../lib/gcc/arm-none-eabi/6.3.1/../../../../arm-none-eabi/lib/thumb/v7e-m\libc_nano.a(lib_a-findfp.o) (_fwalk)
c:/program files (x86)/atmel/studio/7.0/toolchain/arm/arm-gnu-toolchain/bin/../lib/gcc/arm-none-eabi/6.3.1/../../../../arm-none-eabi/lib/thumb/v7e-m\libc_nano.a(lib_a-mlock.o)
                              c:/program files (x86)/atmel/studio/7.0/toolchain/arm/arm-gnu-toolchain/bin/../lib/gcc/arm-none-eabi/6.3.1/../../../../arm-none-eabi/lib/thumb/v7e-m\libc_nano.a(lib_a-nano-freer.o) (__malloc_lock)
c:/program files (x86)/atmel/studio/7.0/toolchain/arm/arm-gnu-toolchain/bin/../lib/gcc/arm-none-eabi/6.3.1/../../../../arm-none-eabi/lib/thumb/v7e-m\libc_nano.a(lib_a-nano-vfprintf.o)
[...]
Memory Configuration

Name             Origin             Length             Attributes
rom              0x00400000         0x00200000         xr
ram              0x20400000         0x00060000         xrw
*default*        0x00000000         0xffffffff

Linker script and memory map

LOAD c:/program files (x86)/atmel/studio/7.0/toolchain/arm/arm-gnu-toolchain/bin/../lib/gcc/arm-none-eabi/6.3.1/thumb/v7e-m/crti.o
LOAD c:/program files (x86)/atmel/studio/7.0/toolchain/arm/arm-gnu-toolchain/bin/../lib/gcc/arm-none-eabi/6.3.1/thumb/v7e-m/crtbegin.o
LOAD c:/program files (x86)/atmel/studio/7.0/toolchain/arm/arm-gnu-toolchain/bin/../lib/gcc/arm-none-eabi/6.3.1/../../../../arm-none-eabi/lib/thumb/v7e-m/crt0.o
LOAD atmel_start.o
LOAD bms.o
LOAD Device_Startup/startup_samv71q21b.o
LOAD Device_Startup/system_samv71q21b.o
LOAD driver_init.o
LOAD examples/driver_examples.o
LOAD hal/src/hal_atomic.o
LOAD hal/src/hal_delay.o
LOAD hal/src/hal_gpio.o
LOAD hal/src/hal_init.o
LOAD hal/src/hal_io.o
LOAD hal/src/hal_sleep.o
LOAD hal/src/hal_spi_m_sync.o
LOAD hal/src/hal_usart_sync.o
LOAD hal/utils/src/utils_assert.o
LOAD hal/utils/src/utils_event.o
LOAD hal/utils/src/utils_list.o
LOAD hal/utils/src/utils_ringbuffer.o
LOAD hal/utils/src/utils_syscalls.o
LOAD hpl/core/hpl_core_m7_base.o
LOAD hpl/core/hpl_init.o
LOAD hpl/pmc/hpl_pmc.o
LOAD hpl/pmc/hpl_sleep.o
LOAD hpl/spi/hpl_spi.o
LOAD hpl/systick/hpl_systick_ARMv7_base.o
LOAD hpl/uart/hpl_uart.o
LOAD hpl/xdmac/hpl_xdmac.o
LOAD iso_spi_main_functions.o
LOAD main.o
START GROUP
LOAD c:/program files (x86)/atmel/studio/7.0/toolchain/arm/arm-gnu-toolchain/bin/../lib/gcc/arm-none-eabi/6.3.1/../../../../arm-none-eabi/lib/thumb/v7e-m\libm.a
END GROUP
START GROUP
LOAD c:/program files (x86)/atmel/studio/7.0/toolchain/arm/arm-gnu-toolchain/bin/../lib/gcc/arm-none-eabi/6.3.1/thumb/v7e-m\libgcc.a
LOAD c:/program files (x86)/atmel/studio/7.0/toolchain/arm/arm-gnu-toolchain/bin/../lib/gcc/arm-none-eabi/6.3.1/../../../../arm-none-eabi/lib/thumb/v7e-m\libc_nano.a
END GROUP
START GROUP
LOAD c:/program files (x86)/atmel/studio/7.0/toolchain/arm/arm-gnu-toolchain/bin/../lib/gcc/arm-none-eabi/6.3.1/thumb/v7e-m\libgcc.a
LOAD c:/program files (x86)/atmel/studio/7.0/toolchain/arm/arm-gnu-toolchain/bin/../lib/gcc/arm-none-eabi/6.3.1/../../../../arm-none-eabi/lib/thumb/v7e-m\libc_nano.a
END GROUP
LOAD c:/program files (x86)/atmel/studio/7.0/toolchain/arm/arm-gnu-toolchain/bin/../lib/gcc/arm-none-eabi/6.3.1/thumb/v7e-m/crtend.o
LOAD c:/program files (x86)/atmel/studio/7.0/toolchain/arm/arm-gnu-toolchain/bin/../lib/gcc/arm-none-eabi/6.3.1/thumb/v7e-m/crtn.o
                0x00000400                STACK_SIZE = DEFINED (STACK_SIZE)?STACK_SIZE:DEFINED (__stack_size__)?__stack_size__:0x400
                0x00000200                HEAP_SIZE = DEFINED (HEAP_SIZE)?HEAP_SIZE:DEFINED (__heap_size__)?__heap_size__:0x200

.text           0x00400000     0x1904
                0x00400000                . = ALIGN (0x4)
                0x00400000                _sfixed = .
 *(.vectors .vectors.*)
 .vectors       0x00400000      0x168 Device_Startup/startup_samv71q21b.o
                0x00400000                exception_table
 *(.text .text.* .gnu.linkonce.t.*)
 .text          0x00400168       0x6c c:/program files (x86)/atmel/studio/7.0/toolchain/arm/arm-gnu-toolchain/bin/../lib/gcc/arm-none-eabi/6.3.1/thumb/v7e-m/crtbegin.o
 .text.atmel_start_init
                0x004001d4        0xc atmel_start.o
                0x004001d4                atmel_start_init
 .text.bms_read_cell_voltages
                0x004001e0       0xd0 bms.o
                0x004001e0                bms_read_cell_voltages
 .text.bms_enable_cs
                0x004002b0       0x1c bms.o
                0x004002b0                bms_enable_cs
 .text.bms_disable_cs
                0x004002cc       0x10 bms.o
                0x004002cc                bms_disable_cs
 .text.wake_up_ltc
                0x004002dc       0x20 bms.o
                0x004002dc                wake_up_ltc
 .text.Dummy_Handler
                0x004002fc        0x2 Device_Startup/startup_samv71q21b.o
                0x004002fc                DACC_Handler
                0x004002fc                SVCall_Handler
                0x004002fc                UART3_Handler
                0x004002fc                UART2_Handler
                0x004002fc                TRNG_Handler
                0x004002fc                HardFault_Handler
                0x004002fc                TC2_Handler
                0x004002fc                SysTick_Handler
                0x004002fc                AFEC1_Handler
                0x004002fc                PendSV_Handler
                0x004002fc                TC7_Handler
                0x004002fc                QSPI_Handler
                0x004002fc                NonMaskableInt_Handler
                0x004002fc                ISI_Handler
                0x004002fc                MCAN0_INT0_Handler
                0x004002fc                TC9_Handler
                0x004002fc                RSWDT_Handler
                0x004002fc                USART0_Handler
                0x004002fc                RTT_Handler
                0x004002fc                USBHS_Handler
                0x004002fc                IXC_Handler
                0x004002fc                CCF_Handler
                0x004002fc                PIOB_Handler
                0x004002fc                RTC_Handler
                0x004002fc                UsageFault_Handler
                0x004002fc                TC6_Handler
                0x004002fc                WDT_Handler
                0x004002fc                MCAN1_INT1_Handler
                0x004002fc                TC4_Handler
                0x004002fc                TC1_Handler
                0x004002fc                HSMCI_Handler
                0x004002fc                UART1_Handler
                0x004002fc                TC3_Handler
                0x004002fc                Dummy_Handler
                0x004002fc                TWIHS1_Handler
                0x004002fc                XDMAC_Handler
                0x004002fc                UART4_Handler
                0x004002fc                PWM1_Handler
                0x004002fc                USART1_Handler
                0x004002fc                PWM0_Handler
                0x004002fc                PIOA_Handler
                0x004002fc                AFEC0_Handler
                0x004002fc                CCW_Handler
                0x004002fc                SSC_Handler
                0x004002fc                TC11_Handler
                0x004002fc                ACC_Handler
                0x004002fc                PMC_Handler
                0x004002fc                GMAC_Handler
                0x004002fc                MCAN0_INT1_Handler
                0x004002fc                GMAC_Q5_Handler
                0x004002fc                SUPC_Handler
                0x004002fc                TC8_Handler
                0x004002fc                MCAN1_INT0_Handler
                0x004002fc                EFC_Handler
                0x004002fc                GMAC_Q1_Handler
                0x004002fc                USART2_Handler
                0x004002fc                SDRAMC_Handler
                0x004002fc                GMAC_Q2_Handler
                0x004002fc                PIOE_Handler
                0x004002fc                SPI1_Handler
                0x004002fc                TC10_Handler
                0x004002fc                GMAC_Q3_Handler
                0x004002fc                PIOD_Handler
                0x004002fc                TWIHS2_Handler
                0x004002fc                MLB_Handler
                0x004002fc                I2SC0_Handler
                0x004002fc                UART0_Handler
                0x004002fc                I2SC1_Handler
                0x004002fc                PIOC_Handler
                0x004002fc                GMAC_Q4_Handler
                0x004002fc                FPU_Handler
                0x004002fc                BusFault_Handler
                0x004002fc                RSTC_Handler
                0x004002fc                TC0_Handler
                0x004002fc                MemoryManagement_Handler
                0x004002fc                DebugMonitor_Handler
                0x004002fc                TC5_Handler
                0x004002fc                ICM_Handler
                0x004002fc                AES_Handler
                0x004002fc                TWIHS0_Handler
                0x004002fc                SPI0_Handler
 *fill*         0x004002fe        0x2 
 .text.Reset_Handler
                0x00400300       0x68 Device_Startup/startup_samv71q21b.o
                0x00400300                Reset_Handler
 .text.SPI_1_PORT_init
                0x00400368       0x60 driver_init.o
                0x00400368                SPI_1_PORT_init
 .text.SPI_1_CLOCK_init
                0x004003c8       0x1c driver_init.o
                0x004003c8                SPI_1_CLOCK_init
 .text.SPI_1_init
                0x004003e4       0x40 driver_init.o
                0x004003e4                SPI_1_init
 .text.delay_driver_init
                0x00400424       0x14 driver_init.o
                0x00400424                delay_driver_init
 .text.USART_1_PORT_init
                0x00400438       0x30 driver_init.o
                0x00400438                USART_1_PORT_init
 .text.USART_1_CLOCK_init
                0x00400468       0x18 driver_init.o
                0x00400468                USART_1_CLOCK_init
 .text.USART_1_init
                0x00400480       0x34 driver_init.o
                0x00400480                USART_1_init
 .text.system_init
                0x004004b4       0x34 driver_init.o
                0x004004b4                system_init
 .text.atomic_enter_critical
                0x004004e8        0xe hal/src/hal_atomic.o
                0x004004e8                atomic_enter_critical
 .text.atomic_leave_critical
                0x004004f6        0xc hal/src/hal_atomic.o
                0x004004f6                atomic_leave_critical
 *fill*         0x00400502        0x2 
 .text.delay_init
                0x00400504       0x14 hal/src/hal_delay.o
                0x00400504                delay_init
 .text.delay_us
                0x00400518       0x20 hal/src/hal_delay.o
                0x00400518                delay_us
 .text.io_write
                0x00400538       0x30 hal/src/hal_io.o
                0x00400538                io_write
 .text.spi_m_sync_set_func_ptr
                0x00400568       0x20 hal/src/hal_spi_m_sync.o
                0x00400568                spi_m_sync_set_func_ptr
 .text.spi_m_sync_init
                0x00400588       0x50 hal/src/hal_spi_m_sync.o
                0x00400588                spi_m_sync_init
 .text.spi_m_sync_enable
                0x004005d8       0x28 hal/src/hal_spi_m_sync.o
                0x004005d8                spi_m_sync_enable
 .text.spi_m_sync_set_baudrate
                0x00400600       0x2c hal/src/hal_spi_m_sync.o
                0x00400600                spi_m_sync_set_baudrate
 .text.spi_m_sync_set_char_size
                0x0040062c       0x2c hal/src/hal_spi_m_sync.o
                0x0040062c                spi_m_sync_set_char_size
 .text.spi_m_sync_set_data_order
                0x00400658       0x2c hal/src/hal_spi_m_sync.o
                0x00400658                spi_m_sync_set_data_order
 .text.spi_m_sync_transfer
                0x00400684       0x40 hal/src/hal_spi_m_sync.o
                0x00400684                spi_m_sync_transfer
 .text._spi_m_sync_io_write
                0x004006c4       0x3c hal/src/hal_spi_m_sync.o
 .text._spi_m_sync_io_read
                0x00400700       0x3c hal/src/hal_spi_m_sync.o
 .text.spi_m_sync_get_io_descriptor
                0x0040073c       0x2c hal/src/hal_spi_m_sync.o
                0x0040073c                spi_m_sync_get_io_descriptor
 .text.usart_sync_write
                0x00400768       0x70 hal/src/hal_usart_sync.o
 .text.usart_sync_read
                0x004007d8       0x60 hal/src/hal_usart_sync.o
 .text.usart_sync_init
                0x00400838       0x48 hal/src/hal_usart_sync.o
                0x00400838                usart_sync_init
 .text.usart_sync_enable
                0x00400880       0x2c hal/src/hal_usart_sync.o
                0x00400880                usart_sync_enable
 .text.usart_sync_get_io_descriptor
                0x004008ac       0x28 hal/src/hal_usart_sync.o
                0x004008ac                usart_sync_get_io_descriptor
 .text.assert   0x004008d4        0x6 hal/utils/src/utils_assert.o
                0x004008d4                assert
 *fill*         0x004008da        0x2 
 .text._sbrk    0x004008dc       0x24 hal/utils/src/utils_syscalls.o
                0x004008dc                _sbrk
 .text._get_cycles_for_us
                0x00400900        0xa hpl/core/hpl_core_m7_base.o
                0x00400900                _get_cycles_for_us
 *fill*         0x0040090a        0x2 
 .text._init_chip
                0x0040090c       0x54 hpl/core/hpl_init.o
                0x0040090c                _init_chip
 .text._pmc_init_sources
                0x00400960       0x50 hpl/pmc/hpl_pmc.o
 .text._pmc_init_master_clock
                0x004009b0       0x4c hpl/pmc/hpl_pmc.o
 .text._pmc_init
                0x004009fc       0x14 hpl/pmc/hpl_pmc.o
                0x004009fc                _pmc_init
 .text._spi_sync_enable
                0x00400a10        0x8 hpl/spi/hpl_spi.o
 .text._spi_set_baudrate
                0x00400a18       0x12 hpl/spi/hpl_spi.o
 .text._spi_set_char_size
                0x00400a2a       0x24 hpl/spi/hpl_spi.o
 *fill*         0x00400a4e        0x2 
 .text._spi_get_hardware_index
                0x00400a50       0x18 hpl/spi/hpl_spi.o
 .text._spi_m_sync_init
                0x00400a68       0xa8 hpl/spi/hpl_spi.o
                0x00400a68                _spi_m_sync_init
 .text._spi_m_sync_enable
                0x00400b10       0x34 hpl/spi/hpl_spi.o
                0x00400b10                _spi_m_sync_enable
 .text._spi_m_sync_set_baudrate
                0x00400b44       0x38 hpl/spi/hpl_spi.o
                0x00400b44                _spi_m_sync_set_baudrate
 .text._spi_m_sync_set_data_order
                0x00400b7c       0x2c hpl/spi/hpl_spi.o
                0x00400b7c                _spi_m_sync_set_data_order
 .text._spi_m_sync_set_char_size
                0x00400ba8       0x38 hpl/spi/hpl_spi.o
                0x00400ba8                _spi_m_sync_set_char_size
 .text._spi_m_sync_trans
                0x00400be0      0x100 hpl/spi/hpl_spi.o
                0x00400be0                _spi_m_sync_trans
 .text._spi_get_spi_m_sync
                0x00400ce0        0x4 hpl/spi/hpl_spi.o
                0x00400ce0                _spi_get_spi_m_sync
 .text._system_time_init
                0x00400ce4       0x14 hpl/systick/hpl_systick_ARMv7_base.o
                0x00400ce4                _system_time_init
 .text._delay_init
                0x00400cf8        0xc hpl/systick/hpl_systick_ARMv7_base.o
                0x00400cf8                _delay_init
 .text._delay_cycles
                0x00400d04       0x40 hpl/systick/hpl_systick_ARMv7_base.o
                0x00400d04                _delay_cycles
 .text._uart_get_hardware_index
                0x00400d44       0x60 hpl/uart/hpl_uart.o
 .text._get_uart_index
                0x00400da4       0x54 hpl/uart/hpl_uart.o
 .text._uart_init
                0x00400df8       0x54 hpl/uart/hpl_uart.o
 .text._usart_sync_init
                0x00400e4c       0x38 hpl/uart/hpl_uart.o
                0x00400e4c                _usart_sync_init
 .text._usart_sync_enable
                0x00400e84       0x34 hpl/uart/hpl_uart.o
                0x00400e84                _usart_sync_enable
 .text._usart_sync_write_byte
                0x00400eb8       0x24 hpl/uart/hpl_uart.o
                0x00400eb8                _usart_sync_write_byte
 .text._usart_sync_read_byte
                0x00400edc       0x24 hpl/uart/hpl_uart.o
                0x00400edc                _usart_sync_read_byte
 .text._usart_sync_is_ready_to_send
                0x00400f00       0x28 hpl/uart/hpl_uart.o
                0x00400f00                _usart_sync_is_ready_to_send
 .text._usart_sync_is_transmit_done
                0x00400f28       0x28 hpl/uart/hpl_uart.o
                0x00400f28                _usart_sync_is_transmit_done
 .text._usart_sync_is_byte_received
                0x00400f50       0x28 hpl/uart/hpl_uart.o
                0x00400f50                _usart_sync_is_byte_received
 .text._uart_get_usart_sync
                0x00400f78        0x4 hpl/uart/hpl_uart.o
                0x00400f78                _uart_get_usart_sync
 .text.isoSpi_send
                0x00400f7c       0x2c iso_spi_main_functions.o
                0x00400f7c                isoSpi_send
 .text.isoSpi_receive
                0x00400fa8       0x60 iso_spi_main_functions.o
                0x00400fa8                isoSpi_receive
 .text.PEC_calculate
                0x00401008       0x2c iso_spi_main_functions.o
                0x00401008                PEC_calculate
 .text.bms_send_command
                0x00401034       0x50 iso_spi_main_functions.o
                0x00401034                bms_send_command
 .text.read_data_from_ltc6811
                0x00401084       0x74 iso_spi_main_functions.o
                0x00401084                read_data_from_ltc6811
 .text.print_uart
                0x004010f8       0x38 main.o
                0x004010f8                print_uart
 .text.main     0x00401130       0xac main.o
                0x00401130                main
 .text.__libc_init_array
                0x004011dc       0x48 c:/program files (x86)/atmel/studio/7.0/toolchain/arm/arm-gnu-toolchain/bin/../lib/gcc/arm-none-eabi/6.3.1/../../../../arm-none-eabi/lib/thumb/v7e-m\libc_nano.a(lib_a-init.o)
                0x004011dc                __libc_init_array
 .text.malloc   0x00401224       0x10 c:/program files (x86)/atmel/studio/7.0/toolchain/arm/arm-gnu-toolchain/bin/../lib/gcc/arm-none-eabi/6.3.1/../../../../arm-none-eabi/lib/thumb/v7e-m\libc_nano.a(lib_a-malloc.o)
                0x00401224                malloc
 .text.free     0x00401234       0x10 c:/program files (x86)/atmel/studio/7.0/toolchain/arm/arm-gnu-toolchain/bin/../lib/gcc/arm-none-eabi/6.3.1/../../../../arm-none-eabi/lib/thumb/v7e-m\libc_nano.a(lib_a-malloc.o)
                0x00401234                free
 .text.memcpy   0x00401244       0x16 c:/program files (x86)/atmel/studio/7.0/toolchain/arm/arm-gnu-toolchain/bin/../lib/gcc/arm-none-eabi/6.3.1/../../../../arm-none-eabi/lib/thumb/v7e-m\libc_nano.a(lib_a-memcpy-stub.o)
                0x00401244                memcpy
 .text.memset   0x0040125a       0x10 c:/program files (x86)/atmel/studio/7.0/toolchain/arm/arm-gnu-toolchain/bin/../lib/gcc/arm-none-eabi/6.3.1/../../../../arm-none-eabi/lib/thumb/v7e-m\libc_nano.a(lib_a-memset.o)
                0x0040125a                memset
 *fill*         0x0040126a        0x2 
 .text._free_r  0x0040126c       0x9c c:/program files (x86)/atmel/studio/7.0/toolchain/arm/arm-gnu-toolchain/bin/../lib/gcc/arm-none-eabi/6.3.1/../../../../arm-none-eabi/lib/thumb/v7e-m\libc_nano.a(lib_a-nano-freer.o)
                0x0040126c                _free_r
 .text._malloc_r
                0x00401308       0xbc c:/program files (x86)/atmel/studio/7.0/toolchain/arm/arm-gnu-toolchain/bin/../lib/gcc/arm-none-eabi/6.3.1/../../../../arm-none-eabi/lib/thumb/v7e-m\libc_nano.a(lib_a-nano-mallocr.o)
                0x00401308                _malloc_r
 .text._sbrk_r  0x004013c4       0x20 c:/program files (x86)/atmel/studio/7.0/toolchain/arm/arm-gnu-toolchain/bin/../lib/gcc/arm-none-eabi/6.3.1/../../../../arm-none-eabi/lib/thumb/v7e-m\libc_nano.a(lib_a-sbrkr.o)
                0x004013c4                _sbrk_r
 .text.__malloc_lock
                0x004013e4        0x2 c:/program files (x86)/atmel/studio/7.0/toolchain/arm/arm-gnu-toolchain/bin/../lib/gcc/arm-none-eabi/6.3.1/../../../../arm-none-eabi/lib/thumb/v7e-m\libc_nano.a(lib_a-mlock.o)
                0x004013e4                __malloc_lock
 .text.__malloc_unlock
                0x004013e6        0x2 c:/program files (x86)/atmel/studio/7.0/toolchain/arm/arm-gnu-toolchain/bin/../lib/gcc/arm-none-eabi/6.3.1/../../../../arm-none-eabi/lib/thumb/v7e-m\libc_nano.a(lib_a-mlock.o)
                0x004013e6                __malloc_unlock
 *(.glue_7t)
 .glue_7t       0x004013e8        0x0 linker stubs
 *(.glue_7)
 .glue_7        0x004013e8        0x0 linker stubs
 *(.rodata .rodata* .gnu.linkonce.r.*)
 .rodata.str1.4
                0x004013e8       0x14 hal/src/hal_io.o
 .rodata.str1.4
                0x004013fc       0x1c hal/src/hal_spi_m_sync.o
 .rodata.str1.4
                0x00401418       0x1c hal/src/hal_usart_sync.o
 .rodata        0x00401434       0x14 hpl/spi/hpl_spi.o
 .rodata.str1.4
                0x00401448       0x15 hpl/spi/hpl_spi.o
 *fill*         0x0040145d        0x3 
 .rodata        0x00401460        0xc hpl/uart/hpl_uart.o
 .rodata.str1.4
                0x0040146c       0x18 hpl/uart/hpl_uart.o
                                 0x17 (size before relaxing)
 .rodata        0x00401484      0x400 iso_spi_main_functions.o
 .rodata.__sf_fake_stderr
                0x00401884       0x20 c:/program files (x86)/atmel/studio/7.0/toolchain/arm/arm-gnu-toolchain/bin/../lib/gcc/arm-none-eabi/6.3.1/../../../../arm-none-eabi/lib/thumb/v7e-m\libc_nano.a(lib_a-findfp.o)
                0x00401884                __sf_fake_stderr
 .rodata.__sf_fake_stdin
                0x004018a4       0x20 c:/program files (x86)/atmel/studio/7.0/toolchain/arm/arm-gnu-toolchain/bin/../lib/gcc/arm-none-eabi/6.3.1/../../../../arm-none-eabi/lib/thumb/v7e-m\libc_nano.a(lib_a-findfp.o)
                0x004018a4                __sf_fake_stdin
 .rodata.__sf_fake_stdout
                0x004018c4       0x20 c:/program files (x86)/atmel/studio/7.0/toolchain/arm/arm-gnu-toolchain/bin/../lib/gcc/arm-none-eabi/6.3.1/../../../../arm-none-eabi/lib/thumb/v7e-m\libc_nano.a(lib_a-findfp.o)
                0x004018c4                __sf_fake_stdout
 *(.ARM.extab* .gnu.linkonce.armextab.*)
                0x004018e4                . = ALIGN (0x4)
 *(.init)
 .init          0x004018e4        0x4 c:/program files (x86)/atmel/studio/7.0/toolchain/arm/arm-gnu-toolchain/bin/../lib/gcc/arm-none-eabi/6.3.1/thumb/v7e-m/crti.o
                0x004018e4                _init
 .init          0x004018e8        0x8 c:/program files (x86)/atmel/studio/7.0/toolchain/arm/arm-gnu-toolchain/bin/../lib/gcc/arm-none-eabi/6.3.1/thumb/v7e-m/crtn.o
                0x004018f0                . = ALIGN (0x4)
                0x004018f0                __preinit_array_start = .
 *(.preinit_array)
                0x004018f0                __preinit_array_end = .
                0x004018f0                . = ALIGN (0x4)
                0x004018f0                __init_array_start = .
 *(SORT(.init_array.*))
 *(.init_array)
 .init_array    0x004018f0        0x4 c:/program files (x86)/atmel/studio/7.0/toolchain/arm/arm-gnu-toolchain/bin/../lib/gcc/arm-none-eabi/6.3.1/thumb/v7e-m/crtbegin.o
                0x004018f4                __init_array_end = .
                0x004018f4                . = ALIGN (0x4)
 *crtbegin.o(.ctors)
 *(EXCLUDE_FILE(*crtend.o) .ctors)
 *(SORT(.ctors.*))
 *crtend.o(.ctors)
                0x004018f4                . = ALIGN (0x4)
 *(.fini)
 .fini          0x004018f4        0x4 c:/program files (x86)/atmel/studio/7.0/toolchain/arm/arm-gnu-toolchain/bin/../lib/gcc/arm-none-eabi/6.3.1/thumb/v7e-m/crti.o
                0x004018f4                _fini
 .fini          0x004018f8        0x8 c:/program files (x86)/atmel/studio/7.0/toolchain/arm/arm-gnu-toolchain/bin/../lib/gcc/arm-none-eabi/6.3.1/thumb/v7e-m/crtn.o
                0x00401900                . = ALIGN (0x4)
                0x00401900                __fini_array_start = .
 *(.fini_array)
 .fini_array    0x00401900        0x4 c:/program files (x86)/atmel/studio/7.0/toolchain/arm/arm-gnu-toolchain/bin/../lib/gcc/arm-none-eabi/6.3.1/thumb/v7e-m/crtbegin.o
 *(SORT(.fini_array.*))
                0x00401904                __fini_array_end = .
 *crtbegin.o(.dtors)
 *(EXCLUDE_FILE(*crtend.o) .dtors)
 *(SORT(.dtors.*))
 *crtend.o(.dtors)
                0x00401904                . = ALIGN (0x4)
                0x00401904                _efixed = .
                [!provide]                PROVIDE (__exidx_start, .)

.vfp11_veneer   0x00401904        0x0
 .vfp11_veneer  0x00401904        0x0 linker stubs

.v4_bx          0x00401904        0x0
 .v4_bx         0x00401904        0x0 linker stubs

.iplt           0x00401904        0x0
 .iplt          0x00401904        0x0 c:/program files (x86)/atmel/studio/7.0/toolchain/arm/arm-gnu-toolchain/bin/../lib/gcc/arm-none-eabi/6.3.1/thumb/v7e-m/crtbegin.o

.eh_frame       0x00401904        0x0
 .eh_frame      0x00401904        0x0 c:/program files (x86)/atmel/studio/7.0/toolchain/arm/arm-gnu-toolchain/bin/../lib/gcc/arm-none-eabi/6.3.1/thumb/v7e-m/crtbegin.o

.rel.dyn        0x00401904        0x0
 .rel.iplt      0x00401904        0x0 c:/program files (x86)/atmel/studio/7.0/toolchain/arm/arm-gnu-toolchain/bin/../lib/gcc/arm-none-eabi/6.3.1/thumb/v7e-m/crtbegin.o

.jcr            0x00401904        0x0
 .jcr           0x00401904        0x0 c:/program files (x86)/atmel/studio/7.0/toolchain/arm/arm-gnu-toolchain/bin/../lib/gcc/arm-none-eabi/6.3.1/thumb/v7e-m/crtbegin.o

.igot.plt       0x00401904        0x0
 .igot.plt      0x00401904        0x0 c:/program files (x86)/atmel/studio/7.0/toolchain/arm/arm-gnu-toolchain/bin/../lib/gcc/arm-none-eabi/6.3.1/thumb/v7e-m/crtbegin.o

.ARM.exidx
 *(.ARM.exidx* .gnu.linkonce.armexidx.*)
                [!provide]                PROVIDE (__exidx_end, .)
                0x00401904                . = ALIGN (0x4)
                0x00401904                _etext = .

.relocate       0x20400000       0x64 load address 0x00401904
                0x20400000                . = ALIGN (0x4)
                0x20400000                _srelocate = .
 *(.ramfunc .ramfunc.*)
 *(.data .data.*)
 .data._impure_ptr
                0x20400000        0x4 c:/program files (x86)/atmel/studio/7.0/toolchain/arm/arm-gnu-toolchain/bin/../lib/gcc/arm-none-eabi/6.3.1/../../../../arm-none-eabi/lib/thumb/v7e-m\libc_nano.a(lib_a-impure.o)
                0x20400000                _impure_ptr
 .data.impure_data
                0x20400004       0x60 c:/program files (x86)/atmel/studio/7.0/toolchain/arm/arm-gnu-toolchain/bin/../lib/gcc/arm-none-eabi/6.3.1/../../../../arm-none-eabi/lib/thumb/v7e-m\libc_nano.a(lib_a-impure.o)
                0x20400064                . = ALIGN (0x4)
                0x20400064                _erelocate = .

.bss            0x20400064       0x54 load address 0x00401968
                0x20400064                . = ALIGN (0x4)
                0x20400064                _sbss = .
                0x20400064                _szero = .
 *(.bss .bss.*)
 .bss           0x20400064       0x1c c:/program files (x86)/atmel/studio/7.0/toolchain/arm/arm-gnu-toolchain/bin/../lib/gcc/arm-none-eabi/6.3.1/thumb/v7e-m/crtbegin.o
 .bss           0x20400080        0x4 hal/src/hal_delay.o
 .bss           0x20400084        0x4 hal/utils/src/utils_syscalls.o
 .bss.__malloc_free_list
                0x20400088        0x4 c:/program files (x86)/atmel/studio/7.0/toolchain/arm/arm-gnu-toolchain/bin/../lib/gcc/arm-none-eabi/6.3.1/../../../../arm-none-eabi/lib/thumb/v7e-m\libc_nano.a(lib_a-nano-mallocr.o)
                0x20400088                __malloc_free_list
 .bss.__malloc_sbrk_start
                0x2040008c        0x4 c:/program files (x86)/atmel/studio/7.0/toolchain/arm/arm-gnu-toolchain/bin/../lib/gcc/arm-none-eabi/6.3.1/../../../../arm-none-eabi/lib/thumb/v7e-m\libc_nano.a(lib_a-nano-mallocr.o)
                0x2040008c                __malloc_sbrk_start
 *(COMMON)
 COMMON         0x20400090       0x24 driver_init.o
                0x20400090                SPI_1
                0x204000a8                USART_1
 COMMON         0x204000b4        0x4 c:/program files (x86)/atmel/studio/7.0/toolchain/arm/arm-gnu-toolchain/bin/../lib/gcc/arm-none-eabi/6.3.1/../../../../arm-none-eabi/lib/thumb/v7e-m\libc_nano.a(lib_a-reent.o)
                0x204000b4                errno
                0x204000b8                . = ALIGN (0x4)
                0x204000b8                _ebss = .
                0x204000b8                _ezero = .

.heap           0x204000b8      0x200 load address 0x004019bc
                0x204000b8                . = ALIGN (0x8)
                0x204000b8                _sheap = .
                0x204002b8                . = (. + HEAP_SIZE)
 *fill*         0x204000b8      0x200 
                0x204002b8                . = ALIGN (0x8)
                0x204002b8                _eheap = .

.stack          0x204002b8      0x400 load address 0x00401bbc
                0x204002b8                . = ALIGN (0x8)
                0x204002b8                _sstack = .
                0x204006b8                . = (. + STACK_SIZE)
 *fill*         0x204002b8      0x400 
                0x204006b8                . = ALIGN (0x8)
                0x204006b8                _estack = .
                0x204006b8                . = ALIGN (0x4)
                0x204006b8                _end = .
                0x2045ffff                _ram_end_ = ((ORIGIN (ram) + LENGTH (ram)) - 0x1)
OUTPUT(SPI_UART_test.elf elf32-littlearm)

.ARM.attributes
                0x00000000       0x2e
 .ARM.attributes
                0x00000000       0x1e c:/program files (x86)/atmel/studio/7.0/toolchain/arm/arm-gnu-toolchain/bin/../lib/gcc/arm-none-eabi/6.3.1/thumb/v7e-m/crti.o
 .ARM.attributes
                0x0000001e       0x2e c:/program files (x86)/atmel/studio/7.0/toolchain/arm/arm-gnu-toolchain/bin/../lib/gcc/arm-none-eabi/6.3.1/thumb/v7e-m/crtbegin.o
 .ARM.attributes
                0x0000004c       0x37 atmel_start.o
 .ARM.attributes
                0x00000083       0x37 bms.o
 .ARM.attributes
                0x000000ba       0x37 Device_Startup/startup_samv71q21b.o
 .ARM.attributes
                0x000000f1       0x37 driver_init.o
 .ARM.attributes
                0x00000128       0x37 hal/src/hal_atomic.o
 .ARM.attributes
                0x0000015f       0x37 hal/src/hal_delay.o
 .ARM.attributes
                0x00000196       0x37 hal/src/hal_io.o
 .ARM.attributes
                0x000001cd       0x37 hal/src/hal_spi_m_sync.o
 .ARM.attributes
                0x00000204       0x37 hal/src/hal_usart_sync.o
 .ARM.attributes
                0x0000023b       0x37 hal/utils/src/utils_assert.o
 .ARM.attributes
                0x00000272       0x37 hal/utils/src/utils_syscalls.o
 .ARM.attributes
                0x000002a9       0x37 hpl/core/hpl_core_m7_base.o
 .ARM.attributes
                0x000002e0       0x37 hpl/core/hpl_init.o
 .ARM.attributes
                0x00000317       0x37 hpl/pmc/hpl_pmc.o
 .ARM.attributes
                0x0000034e       0x37 hpl/spi/hpl_spi.o
 .ARM.attributes
                0x00000385       0x37 hpl/systick/hpl_systick_ARMv7_base.o
 .ARM.attributes
                0x000003bc       0x37 hpl/uart/hpl_uart.o
 .ARM.attributes
                0x000003f3       0x37 iso_spi_main_functions.o
 .ARM.attributes
                0x0000042a       0x37 main.o
 .ARM.attributes
                0x00000461       0x2e c:/program files (x86)/atmel/studio/7.0/toolchain/arm/arm-gnu-toolchain/bin/../lib/gcc/arm-none-eabi/6.3.1/../../../../arm-none-eabi/lib/thumb/v7e-m\libc_nano.a(lib_a-impure.o)
 .ARM.attributes
                0x0000048f       0x2e c:/program files (x86)/atmel/studio/7.0/toolchain/arm/arm-gnu-toolchain/bin/../lib/gcc/arm-none-eabi/6.3.1/../../../../arm-none-eabi/lib/thumb/v7e-m\libc_nano.a(lib_a-init.o)
 .ARM.attributes
                0x000004bd       0x2e c:/program files (x86)/atmel/studio/7.0/toolchain/arm/arm-gnu-toolchain/bin/../lib/gcc/arm-none-eabi/6.3.1/../../../../arm-none-eabi/lib/thumb/v7e-m\libc_nano.a(lib_a-malloc.o)
 .ARM.attributes
                0x000004eb       0x2e c:/program files (x86)/atmel/studio/7.0/toolchain/arm/arm-gnu-toolchain/bin/../lib/gcc/arm-none-eabi/6.3.1/../../../../arm-none-eabi/lib/thumb/v7e-m\libc_nano.a(lib_a-memcpy-stub.o)
 .ARM.attributes
                0x00000519       0x2e c:/program files (x86)/atmel/studio/7.0/toolchain/arm/arm-gnu-toolchain/bin/../lib/gcc/arm-none-eabi/6.3.1/../../../../arm-none-eabi/lib/thumb/v7e-m\libc_nano.a(lib_a-memset.o)
 .ARM.attributes
                0x00000547       0x2e c:/program files (x86)/atmel/studio/7.0/toolchain/arm/arm-gnu-toolchain/bin/../lib/gcc/arm-none-eabi/6.3.1/../../../../arm-none-eabi/lib/thumb/v7e-m\libc_nano.a(lib_a-nano-freer.o)
 .ARM.attributes
                0x00000575       0x2e c:/program files (x86)/atmel/studio/7.0/toolchain/arm/arm-gnu-toolchain/bin/../lib/gcc/arm-none-eabi/6.3.1/../../../../arm-none-eabi/lib/thumb/v7e-m\libc_nano.a(lib_a-nano-mallocr.o)
 .ARM.attributes
                0x000005a3       0x2e c:/program files (x86)/atmel/studio/7.0/toolchain/arm/arm-gnu-toolchain/bin/../lib/gcc/arm-none-eabi/6.3.1/../../../../arm-none-eabi/lib/thumb/v7e-m\libc_nano.a(lib_a-sbrkr.o)
 .ARM.attributes
                0x000005d1       0x2e c:/program files (x86)/atmel/studio/7.0/toolchain/arm/arm-gnu-toolchain/bin/../lib/gcc/arm-none-eabi/6.3.1/../../../../arm-none-eabi/lib/thumb/v7e-m\libc_nano.a(lib_a-findfp.o)
 .ARM.attributes
                0x000005ff       0x2e c:/program files (x86)/atmel/studio/7.0/toolchain/arm/arm-gnu-toolchain/bin/../lib/gcc/arm-none-eabi/6.3.1/../../../../arm-none-eabi/lib/thumb/v7e-m\libc_nano.a(lib_a-mlock.o)
 .ARM.attributes
                0x0000062d       0x2e c:/program files (x86)/atmel/studio/7.0/toolchain/arm/arm-gnu-toolchain/bin/../lib/gcc/arm-none-eabi/6.3.1/../../../../arm-none-eabi/lib/thumb/v7e-m\libc_nano.a(lib_a-reent.o)
 .ARM.attributes
                0x0000065b       0x1e c:/program files (x86)/atmel/studio/7.0/toolchain/arm/arm-gnu-toolchain/bin/../lib/gcc/arm-none-eabi/6.3.1/thumb/v7e-m/crtn.o

.comment        0x00000000       0x59
 .comment       0x00000000       0x59 atmel_start.o
                                 0x5a (size before relaxing)
 .comment       0x00000059       0x5a bms.o
 .comment       0x00000059       0x5a Device_Startup/startup_samv71q21b.o
 .comment       0x00000059       0x5a driver_init.o
 .comment       0x00000059       0x5a hal/src/hal_atomic.o
 .comment       0x00000059       0x5a hal/src/hal_delay.o
 .comment       0x00000059       0x5a hal/src/hal_io.o
 .comment       0x00000059       0x5a hal/src/hal_spi_m_sync.o
 .comment       0x00000059       0x5a hal/src/hal_usart_sync.o
 .comment       0x00000059       0x5a hal/utils/src/utils_assert.o
 .comment       0x00000059       0x5a hal/utils/src/utils_syscalls.o
 .comment       0x00000059       0x5a hpl/core/hpl_core_m7_base.o
 .comment       0x00000059       0x5a hpl/core/hpl_init.o
 .comment       0x00000059       0x5a hpl/pmc/hpl_pmc.o
 .comment       0x00000059       0x5a hpl/spi/hpl_spi.o
 .comment       0x00000059       0x5a hpl/systick/hpl_systick_ARMv7_base.o
 .comment       0x00000059       0x5a hpl/uart/hpl_uart.o
 .comment       0x00000059       0x5a iso_spi_main_functions.o
 .comment       0x00000059       0x5a main.o

.debug_info     0x00000000    0x10b74
 .debug_info    0x00000000      0x2b3 atmel_start.o
 .debug_info    0x000002b3     0x1530 bms.o
 .debug_info    0x000017e3      0xb34 Device_Startup/startup_samv71q21b.o
 .debug_info    0x00002317     0x1e5d driver_init.o
 .debug_info    0x00004174      0x1fa hal/src/hal_atomic.o
 .debug_info    0x0000436e      0x205 hal/src/hal_delay.o
 .debug_info    0x00004573      0x311 hal/src/hal_io.o
 .debug_info    0x00004884      0xa9e hal/src/hal_spi_m_sync.o
 .debug_info    0x00005322      0xd3b hal/src/hal_usart_sync.o
 .debug_info    0x0000605d      0x130 hal/utils/src/utils_assert.o
 .debug_info    0x0000618d      0xdca hal/utils/src/utils_syscalls.o
 .debug_info    0x00006f57      0xd3b hpl/core/hpl_core_m7_base.o
 .debug_info    0x00007c92      0x6be hpl/core/hpl_init.o
 .debug_info    0x00008350      0x894 hpl/pmc/hpl_pmc.o
 .debug_info    0x00008be4     0x2ec9 hpl/spi/hpl_spi.o
 .debug_info    0x0000baad      0x289 hpl/systick/hpl_systick_ARMv7_base.o
 .debug_info    0x0000bd36     0x2d3a hpl/uart/hpl_uart.o
 .debug_info    0x0000ea70     0x1196 iso_spi_main_functions.o
 .debug_info    0x0000fc06      0xf6e main.o

.debug_abbrev   0x00000000     0x2861
 .debug_abbrev  0x00000000       0xfb atmel_start.o
 .debug_abbrev  0x000000fb      0x340 bms.o
 .debug_abbrev  0x0000043b      0x153 Device_Startup/startup_samv71q21b.o
 .debug_abbrev  0x0000058e      0x2ee driver_init.o
 .debug_abbrev  0x0000087c      0x155 hal/src/hal_atomic.o
 .debug_abbrev  0x000009d1       0xf9 hal/src/hal_delay.o
 .debug_abbrev  0x00000aca      0x12d hal/src/hal_io.o
 .debug_abbrev  0x00000bf7      0x1c9 hal/src/hal_spi_m_sync.o
 .debug_abbrev  0x00000dc0      0x22f hal/src/hal_usart_sync.o
 .debug_abbrev  0x00000fef       0x9e hal/utils/src/utils_assert.o
 .debug_abbrev  0x0000108d      0x269 hal/utils/src/utils_syscalls.o
 .debug_abbrev  0x000012f6      0x293 hpl/core/hpl_core_m7_base.o
 .debug_abbrev  0x00001589      0x1e7 hpl/core/hpl_init.o
 .debug_abbrev  0x00001770      0x1b7 hpl/pmc/hpl_pmc.o
 .debug_abbrev  0x00001927      0x458 hpl/spi/hpl_spi.o
 .debug_abbrev  0x00001d7f      0x174 hpl/systick/hpl_systick_ARMv7_base.o
 .debug_abbrev  0x00001ef3      0x433 hpl/uart/hpl_uart.o
 .debug_abbrev  0x00002326      0x28d iso_spi_main_functions.o
 .debug_abbrev  0x000025b3      0x2ae main.o

.debug_loc      0x00000000     0x6355
 .debug_loc     0x00000000       0x20 atmel_start.o
 .debug_loc     0x00000020      0x1fe bms.o
 .debug_loc     0x0000021e       0x78 Device_Startup/startup_samv71q21b.o
 .debug_loc     0x00000296      0x46f driver_init.o
 .debug_loc     0x00000705       0x13 hal/src/hal_atomic.o
 .debug_loc     0x00000718       0xc3 hal/src/hal_delay.o
 .debug_loc     0x000007db      0x132 hal/src/hal_io.o
 .debug_loc     0x0000090d      0x6a5 hal/src/hal_spi_m_sync.o
 .debug_loc     0x00000fb2      0x8b2 hal/src/hal_usart_sync.o
 .debug_loc     0x00001864      0x13b hal/utils/src/utils_syscalls.o
 .debug_loc     0x0000199f      0x23a hpl/core/hpl_core_m7_base.o
 .debug_loc     0x00001bd9       0x77 hpl/core/hpl_init.o
 .debug_loc     0x00001c50      0x204 hpl/pmc/hpl_pmc.o
 .debug_loc     0x00001e54     0x227a hpl/spi/hpl_spi.o
 .debug_loc     0x000040ce      0x127 hpl/systick/hpl_systick_ARMv7_base.o
 .debug_loc     0x000041f5     0x1b37 hpl/uart/hpl_uart.o
 .debug_loc     0x00005d2c      0x4be iso_spi_main_functions.o
 .debug_loc     0x000061ea      0x16b main.o

.debug_aranges  0x00000000      0x8a8
 .debug_aranges
                0x00000000       0x20 atmel_start.o
 .debug_aranges
                0x00000020       0x40 bms.o
 .debug_aranges
                0x00000060       0x28 Device_Startup/startup_samv71q21b.o
 .debug_aranges
                0x00000088       0x58 driver_init.o
 .debug_aranges
                0x000000e0       0x30 hal/src/hal_atomic.o
 .debug_aranges
                0x00000110       0x38 hal/src/hal_delay.o
 .debug_aranges
                0x00000148       0x30 hal/src/hal_io.o
 .debug_aranges
                0x00000178       0x88 hal/src/hal_spi_m_sync.o
 .debug_aranges
                0x00000200       0xa8 hal/src/hal_usart_sync.o
 .debug_aranges
                0x000002a8       0x20 hal/utils/src/utils_assert.o
 .debug_aranges
                0x000002c8       0x60 hal/utils/src/utils_syscalls.o
 .debug_aranges
                0x00000328       0x70 hpl/core/hpl_core_m7_base.o
 .debug_aranges
                0x00000398       0x20 hpl/core/hpl_init.o
 .debug_aranges
                0x000003b8       0x30 hpl/pmc/hpl_pmc.o
 .debug_aranges
                0x000003e8      0x230 hpl/spi/hpl_spi.o
 .debug_aranges
                0x00000618       0x48 hpl/systick/hpl_systick_ARMv7_base.o
 .debug_aranges
                0x00000660      0x1c8 hpl/uart/hpl_uart.o
 .debug_aranges
                0x00000828       0x50 iso_spi_main_functions.o
 .debug_aranges
                0x00000878       0x30 main.o

.debug_ranges   0x00000000      0x7f0
 .debug_ranges  0x00000000       0x10 atmel_start.o
 .debug_ranges  0x00000010       0x30 bms.o
 .debug_ranges  0x00000040       0x18 Device_Startup/startup_samv71q21b.o
 .debug_ranges  0x00000058       0x48 driver_init.o
 .debug_ranges  0x000000a0       0x20 hal/src/hal_atomic.o
 .debug_ranges  0x000000c0       0x28 hal/src/hal_delay.o
 .debug_ranges  0x000000e8       0x20 hal/src/hal_io.o
 .debug_ranges  0x00000108       0x78 hal/src/hal_spi_m_sync.o
 .debug_ranges  0x00000180       0x98 hal/src/hal_usart_sync.o
 .debug_ranges  0x00000218       0x10 hal/utils/src/utils_assert.o
 .debug_ranges  0x00000228       0x50 hal/utils/src/utils_syscalls.o
 .debug_ranges  0x00000278       0x60 hpl/core/hpl_core_m7_base.o
 .debug_ranges  0x000002d8       0x10 hpl/core/hpl_init.o
 .debug_ranges  0x000002e8       0x20 hpl/pmc/hpl_pmc.o
 .debug_ranges  0x00000308      0x280 hpl/spi/hpl_spi.o
 .debug_ranges  0x00000588       0x38 hpl/systick/hpl_systick_ARMv7_base.o
 .debug_ranges  0x000005c0      0x1b8 hpl/uart/hpl_uart.o
 .debug_ranges  0x00000778       0x40 iso_spi_main_functions.o
 .debug_ranges  0x000007b8       0x38 main.o

.debug_macro    0x00000000    0x3e9c4
 .debug_macro   0x00000000      0x79c atmel_start.o
 .debug_macro   0x0000079c      0x8b0 atmel_start.o
 .debug_macro   0x0000104c      0x16d atmel_start.o
 .debug_macro   0x000011b9       0x22 atmel_start.o
 .debug_macro   0x000011db       0x87 atmel_start.o
 .debug_macro   0x00001262       0x51 atmel_start.o
 .debug_macro   0x000012b3       0xef atmel_start.o
 .debug_macro   0x000013a2       0x6a atmel_start.o
 .debug_macro   0x0000140c      0x1df atmel_start.o
 .debug_macro   0x000015eb       0x22 atmel_start.o
 .debug_macro   0x0000160d       0xd7 atmel_start.o
 .debug_macro   0x000016e4       0x1c atmel_start.o
 .debug_macro   0x00001700       0x22 atmel_start.o
 .debug_macro   0x00001722       0xdf atmel_start.o
 .debug_macro   0x00001801     0x12cd atmel_start.o
 .debug_macro   0x00002ace      0x11f atmel_start.o
 .debug_macro   0x00002bed       0x19 atmel_start.o
 .debug_macro   0x00002c06      0x3e2 atmel_start.o
 .debug_macro   0x00002fe8      0x5a9 atmel_start.o
 .debug_macro   0x00003591     0x1797 atmel_start.o
 .debug_macro   0x00004d28      0x3bb atmel_start.o
 .debug_macro   0x000050e3      0x830 atmel_start.o
 .debug_macro   0x00005913      0x316 atmel_start.o
 .debug_macro   0x00005c29     0x269d atmel_start.o
 .debug_macro   0x000082c6       0x40 atmel_start.o
 .debug_macro   0x00008306     0x105e atmel_start.o
 .debug_macro   0x00009364      0x60b atmel_start.o
 .debug_macro   0x0000996f      0x555 atmel_start.o
 .debug_macro   0x00009ec4      0xb8f atmel_start.o
 .debug_macro   0x0000aa53      0x62e atmel_start.o
 .debug_macro   0x0000b081     0x3ac9 atmel_start.o
 .debug_macro   0x0000eb4a      0x6bf atmel_start.o
 .debug_macro   0x0000f209     0x83ff atmel_start.o
 .debug_macro   0x00017608     0x326e atmel_start.o
 .debug_macro   0x0001a876     0x24d0 atmel_start.o
 .debug_macro   0x0001cd46      0x87f atmel_start.o
 .debug_macro   0x0001d5c5      0x17d atmel_start.o
 .debug_macro   0x0001d742      0x118 atmel_start.o
 .debug_macro   0x0001d85a      0x909 atmel_start.o
 .debug_macro   0x0001e163      0x125 atmel_start.o
 .debug_macro   0x0001e288      0x503 atmel_start.o
 .debug_macro   0x0001e78b      0x3e0 atmel_start.o
 .debug_macro   0x0001eb6b      0x709 atmel_start.o
 .debug_macro   0x0001f274      0xb64 atmel_start.o
 .debug_macro   0x0001fdd8      0xf03 atmel_start.o
 .debug_macro   0x00020cdb      0xff2 atmel_start.o
 .debug_macro   0x00021ccd      0x1a8 atmel_start.o
 .debug_macro   0x00021e75      0x124 atmel_start.o
 .debug_macro   0x00021f99      0xbc2 atmel_start.o
 .debug_macro   0x00022b5b      0x5c5 atmel_start.o
 .debug_macro   0x00023120     0x1afb atmel_start.o
 .debug_macro   0x00024c1b      0x664 atmel_start.o
 .debug_macro   0x0002527f     0x41a7 atmel_start.o
 .debug_macro   0x00029426      0x64f atmel_start.o
 .debug_macro   0x00029a75       0xc4 atmel_start.o
 .debug_macro   0x00029b39      0x12d atmel_start.o
 .debug_macro   0x00029c66     0x2a5f atmel_start.o
 .debug_macro   0x0002c6c5       0x7c atmel_start.o
 .debug_macro   0x0002c741      0x14e atmel_start.o
 .debug_macro   0x0002c88f       0xf4 atmel_start.o
 .debug_macro   0x0002c983       0xf4 atmel_start.o
 .debug_macro   0x0002ca77       0x16 atmel_start.o
 .debug_macro   0x0002ca8d       0x7c atmel_start.o
 .debug_macro   0x0002cb09       0x40 atmel_start.o
 .debug_macro   0x0002cb49      0x623 atmel_start.o
 .debug_macro   0x0002d16c       0x40 atmel_start.o
 .debug_macro   0x0002d1ac      0x7ce atmel_start.o
 .debug_macro   0x0002d97a       0x6a atmel_start.o
 .debug_macro   0x0002d9e4       0x6a atmel_start.o
 .debug_macro   0x0002da4e       0x88 atmel_start.o
 .debug_macro   0x0002dad6       0xac atmel_start.o
 .debug_macro   0x0002db82      0x142 atmel_start.o
 .debug_macro   0x0002dcc4      0x138 atmel_start.o
 .debug_macro   0x0002ddfc      0x138 atmel_start.o
 .debug_macro   0x0002df34       0xee atmel_start.o
 .debug_macro   0x0002e022      0x187 atmel_start.o
 .debug_macro   0x0002e1a9      0x180 atmel_start.o
 .debug_macro   0x0002e329      0x180 atmel_start.o
 .debug_macro   0x0002e4a9      0x180 atmel_start.o
 .debug_macro   0x0002e629      0x180 atmel_start.o
 .debug_macro   0x0002e7a9      0x121 atmel_start.o
 .debug_macro   0x0002e8ca      0x352 atmel_start.o
 .debug_macro   0x0002ec1c      0x352 atmel_start.o
 .debug_macro   0x0002ef6e       0x82 atmel_start.o
 .debug_macro   0x0002eff0       0x22 atmel_start.o
 .debug_macro   0x0002f012       0x22 atmel_start.o
 .debug_macro   0x0002f034       0x58 atmel_start.o
 .debug_macro   0x0002f08c       0x28 atmel_start.o
 .debug_macro   0x0002f0b4       0x64 atmel_start.o
 .debug_macro   0x0002f118       0x94 atmel_start.o
 .debug_macro   0x0002f1ac       0x7c atmel_start.o
 .debug_macro   0x0002f228       0x7c atmel_start.o
 .debug_macro   0x0002f2a4       0x8e atmel_start.o
 .debug_macro   0x0002f332       0x34 atmel_start.o
 .debug_macro   0x0002f366      0x1a8 atmel_start.o
 .debug_macro   0x0002f50e      0x1a8 atmel_start.o
 .debug_macro   0x0002f6b6      0x1a8 atmel_start.o
 .debug_macro   0x0002f85e      0x1a8 atmel_start.o
 .debug_macro   0x0002fa06       0x3a atmel_start.o
 .debug_macro   0x0002fa40       0x82 atmel_start.o
 .debug_macro   0x0002fac2       0x82 atmel_start.o
 .debug_macro   0x0002fb44       0x82 atmel_start.o
 .debug_macro   0x0002fbc6       0x70 atmel_start.o
 .debug_macro   0x0002fc36       0x70 atmel_start.o
 .debug_macro   0x0002fca6       0x70 atmel_start.o
 .debug_macro   0x0002fd16       0x70 atmel_start.o
 .debug_macro   0x0002fd86       0x70 atmel_start.o
 .debug_macro   0x0002fdf6       0xf4 atmel_start.o
 .debug_macro   0x0002feea       0xf4 atmel_start.o
 .debug_macro   0x0002ffde       0xf4 atmel_start.o
 .debug_macro   0x000300d2      0x71f atmel_start.o
 .debug_macro   0x000307f1       0x16 atmel_start.o
 .debug_macro   0x00030807       0x22 atmel_start.o
 .debug_macro   0x00030829      0x9bf atmel_start.o
 .debug_macro   0x000311e8      0x59f atmel_start.o
 .debug_macro   0x00031787     0x2879 atmel_start.o
 .debug_macro   0x00034000      0x169 atmel_start.o
 .debug_macro   0x00034169       0x10 atmel_start.o
 .debug_macro   0x00034179       0x10 atmel_start.o
 .debug_macro   0x00034189       0x16 atmel_start.o
 .debug_macro   0x0003419f       0x16 atmel_start.o
 .debug_macro   0x000341b5       0x16 atmel_start.o
 .debug_macro   0x000341cb       0x16 atmel_start.o
 .debug_macro   0x000341e1       0x16 atmel_start.o
 .debug_macro   0x000341f7       0x16 atmel_start.o
 .debug_macro   0x0003420d       0x16 atmel_start.o
 .debug_macro   0x00034223       0x16 atmel_start.o
 .debug_macro   0x00034239       0x16 atmel_start.o
 .debug_macro   0x0003424f       0x16 atmel_start.o
 .debug_macro   0x00034265       0x16 atmel_start.o
 .debug_macro   0x0003427b       0x16 atmel_start.o
 .debug_macro   0x00034291       0x16 atmel_start.o
 .debug_macro   0x000342a7       0x16 atmel_start.o
 .debug_macro   0x000342bd       0x16 atmel_start.o
 .debug_macro   0x000342d3       0x16 atmel_start.o
 .debug_macro   0x000342e9       0x16 atmel_start.o
 .debug_macro   0x000342ff       0x16 atmel_start.o
 .debug_macro   0x00034315       0x16 atmel_start.o
 .debug_macro   0x0003432b       0x16 atmel_start.o
 .debug_macro   0x00034341       0x16 atmel_start.o
 .debug_macro   0x00034357       0x16 atmel_start.o
 .debug_macro   0x0003436d       0x16 atmel_start.o
 .debug_macro   0x00034383       0x16 atmel_start.o
 .debug_macro   0x00034399       0x16 atmel_start.o
 .debug_macro   0x000343af       0x16 atmel_start.o
 .debug_macro   0x000343c5       0x16 atmel_start.o
 .debug_macro   0x000343db      0x27e atmel_start.o
 .debug_macro   0x00034659       0x16 atmel_start.o
 .debug_macro   0x0003466f       0x16 atmel_start.o
 .debug_macro   0x00034685       0x16 atmel_start.o
 .debug_macro   0x0003469b      0x373 atmel_start.o
 .debug_macro   0x00034a0e       0xa9 atmel_start.o
 .debug_macro   0x00034ab7       0x16 atmel_start.o
 .debug_macro   0x00034acd       0x16 atmel_start.o
 .debug_macro   0x00034ae3       0x16 atmel_start.o
 .debug_macro   0x00034af9       0xca atmel_start.o
 .debug_macro   0x00034bc3       0x1c atmel_start.o
 .debug_macro   0x00034bdf       0x16 atmel_start.o
 .debug_macro   0x00034bf5       0x46 atmel_start.o
 .debug_macro   0x00034c3b       0xc9 atmel_start.o
 .debug_macro   0x00034d04      0x96f bms.o
 .debug_macro   0x00035673       0x58 bms.o
 .debug_macro   0x000356cb       0x35 bms.o
 .debug_macro   0x00035700       0x9c bms.o
 .debug_macro   0x0003579c       0x16 bms.o
 .debug_macro   0x000357b2      0x10e bms.o
 .debug_macro   0x000358c0       0x86 bms.o
 .debug_macro   0x00035946       0x58 bms.o
 .debug_macro   0x0003599e       0x1f bms.o
 .debug_macro   0x000359bd       0x43 bms.o
 .debug_macro   0x00035a00       0x20 bms.o
 .debug_macro   0x00035a20      0x187 bms.o
 .debug_macro   0x00035ba7      0x353 bms.o
 .debug_macro   0x00035efa       0x16 bms.o
 .debug_macro   0x00035f10       0x29 bms.o
 .debug_macro   0x00035f39       0x16 bms.o
 .debug_macro   0x00035f4f       0x35 bms.o
 .debug_macro   0x00035f84       0x88 bms.o
 .debug_macro   0x0003600c       0xd9 bms.o
 .debug_macro   0x000360e5       0x1c bms.o
 .debug_macro   0x00036101       0x10 bms.o
 .debug_macro   0x00036111       0x10 bms.o
 .debug_macro   0x00036121       0x1c bms.o
 .debug_macro   0x0003613d       0x52 bms.o
 .debug_macro   0x0003618f       0x40 bms.o
 .debug_macro   0x000361cf       0x10 bms.o
 .debug_macro   0x000361df       0x40 bms.o
 .debug_macro   0x0003621f       0xd7 bms.o
 .debug_macro   0x000362f6       0x16 bms.o
 .debug_macro   0x0003630c      0x18b bms.o
 .debug_macro   0x00036497      0x49c Device_Startup/startup_samv71q21b.o
 .debug_macro   0x00036933       0xd1 Device_Startup/startup_samv71q21b.o
 .debug_macro   0x00036a04      0x7ba driver_init.o
 .debug_macro   0x000371be       0x10 driver_init.o
 .debug_macro   0x000371ce       0x46 driver_init.o
 .debug_macro   0x00037214      0x669 hal/src/hal_atomic.o
 .debug_macro   0x0003787d      0x6a0 hal/src/hal_delay.o
 .debug_macro   0x00037f1d      0x67e hal/src/hal_io.o
 .debug_macro   0x0003859b      0x6c6 hal/src/hal_spi_m_sync.o
 .debug_macro   0x00038c61      0x6a9 hal/src/hal_usart_sync.o
 .debug_macro   0x0003930a      0x673 hal/utils/src/utils_assert.o
 .debug_macro   0x0003997d       0x10 hal/utils/src/utils_assert.o
 .debug_macro   0x0003998d      0x1d6 hal/utils/src/utils_syscalls.o
 .debug_macro   0x00039b63       0x52 hal/utils/src/utils_syscalls.o
 .debug_macro   0x00039bb5       0x8d hal/utils/src/utils_syscalls.o
 .debug_macro   0x00039c42       0x16 hal/utils/src/utils_syscalls.o
 .debug_macro   0x00039c58       0x57 hal/utils/src/utils_syscalls.o
 .debug_macro   0x00039caf       0x97 hal/utils/src/utils_syscalls.o
 .debug_macro   0x00039d46       0xf6 hal/utils/src/utils_syscalls.o
 .debug_macro   0x00039e3c       0x4c hal/utils/src/utils_syscalls.o
 .debug_macro   0x00039e88       0x16 hal/utils/src/utils_syscalls.o
 .debug_macro   0x00039e9e       0x10 hal/utils/src/utils_syscalls.o
 .debug_macro   0x00039eae       0x10 hal/utils/src/utils_syscalls.o
 .debug_macro   0x00039ebe       0x35 hal/utils/src/utils_syscalls.o
 .debug_macro   0x00039ef3      0x122 hal/utils/src/utils_syscalls.o
 .debug_macro   0x0003a015      0x6c9 hpl/core/hpl_core_m7_base.o
 .debug_macro   0x0003a6de      0x6e1 hpl/core/hpl_init.o
 .debug_macro   0x0003adbf      0x324 hpl/core/hpl_init.o
 .debug_macro   0x0003b0e3      0x9df hpl/core/hpl_init.o
 .debug_macro   0x0003bac2      0x692 hpl/pmc/hpl_pmc.o
 .debug_macro   0x0003c154      0x739 hpl/spi/hpl_spi.o
 .debug_macro   0x0003c88d       0x64 hpl/spi/hpl_spi.o
 .debug_macro   0x0003c8f1       0x1c hpl/spi/hpl_spi.o
 .debug_macro   0x0003c90d       0x22 hpl/spi/hpl_spi.o
 .debug_macro   0x0003c92f       0x10 hpl/spi/hpl_spi.o
 .debug_macro   0x0003c93f      0x678 hpl/systick/hpl_systick_ARMv7_base.o
 .debug_macro   0x0003cfb7       0x10 hpl/systick/hpl_systick_ARMv7_base.o
 .debug_macro   0x0003cfc7      0x6e5 hpl/uart/hpl_uart.o
 .debug_macro   0x0003d6ac       0x34 hpl/uart/hpl_uart.o
 .debug_macro   0x0003d6e0      0x971 iso_spi_main_functions.o
 .debug_macro   0x0003e051      0x973 main.o

.debug_line     0x00000000    0x10695
 .debug_line    0x00000000      0xde6 atmel_start.o
 .debug_line    0x00000de6     0x100d bms.o
 .debug_line    0x00001df3      0x900 Device_Startup/startup_samv71q21b.o
 .debug_line    0x000026f3      0xf36 driver_init.o
 .debug_line    0x00003629      0xc78 hal/src/hal_atomic.o
 .debug_line    0x000042a1      0xcac hal/src/hal_delay.o
 .debug_line    0x00004f4d      0xc70 hal/src/hal_io.o
 .debug_line    0x00005bbd      0xda7 hal/src/hal_spi_m_sync.o
 .debug_line    0x00006964      0xe19 hal/src/hal_usart_sync.o
 .debug_line    0x0000777d      0xc4d hal/utils/src/utils_assert.o
 .debug_line    0x000083ca      0x40a hal/utils/src/utils_syscalls.o
 .debug_line    0x000087d4      0xdd4 hpl/core/hpl_core_m7_base.o
 .debug_line    0x000095a8      0xd33 hpl/core/hpl_init.o
 .debug_line    0x0000a2db      0xd3e hpl/pmc/hpl_pmc.o
 .debug_line    0x0000b019     0x1767 hpl/spi/hpl_spi.o
 .debug_line    0x0000c780      0xce7 hpl/systick/hpl_systick_ARMv7_base.o
 .debug_line    0x0000d467     0x1258 hpl/uart/hpl_uart.o
 .debug_line    0x0000e6bf     0x102a iso_spi_main_functions.o
 .debug_line    0x0000f6e9      0xfac main.o

.debug_str      0x00000000   0x146248
 .debug_str     0x00000000   0x13a714 atmel_start.o
                             0x13b0cf (size before relaxing)
 .debug_str     0x0013a714     0x4445 bms.o
                             0x13f57c (size before relaxing)
 .debug_str     0x0013eb59      0x7e2 Device_Startup/startup_samv71q21b.o
                             0x1353da (size before relaxing)
 .debug_str     0x0013f33b      0x7f0 driver_init.o
                             0x13bc32 (size before relaxing)
 .debug_str     0x0013fb2b       0x9c hal/src/hal_atomic.o
                             0x13a760 (size before relaxing)
 .debug_str     0x0013fbc7       0x92 hal/src/hal_delay.o
                             0x13a7ca (size before relaxing)
 .debug_str     0x0013fc59       0x3a hal/src/hal_io.o
                             0x13a7fb (size before relaxing)
 .debug_str     0x0013fc93      0x2d7 hal/src/hal_spi_m_sync.o
                             0x13b0e8 (size before relaxing)
 .debug_str     0x0013ff6a      0x4aa hal/src/hal_usart_sync.o
                             0x13b29b (size before relaxing)
 .debug_str     0x00140414       0x2a hal/utils/src/utils_assert.o
                             0x13a770 (size before relaxing)
 .debug_str     0x0014043e      0x759 hal/utils/src/utils_syscalls.o
                               0x73c1 (size before relaxing)
 .debug_str     0x00140b97      0x5eb hpl/core/hpl_core_m7_base.o
                             0x13b575 (size before relaxing)
 .debug_str     0x00141182     0x3073 hpl/core/hpl_init.o
                             0x13dba7 (size before relaxing)
 .debug_str     0x001441f5      0x1d6 hpl/pmc/hpl_pmc.o
                             0x13b7d7 (size before relaxing)
 .debug_str     0x001443cb     0x102b hpl/spi/hpl_spi.o
                             0x13c5e9 (size before relaxing)
 .debug_str     0x001453f6       0xde hpl/systick/hpl_systick_ARMv7_base.o
                             0x13a7c9 (size before relaxing)
 .debug_str     0x001454d4      0xbd5 hpl/uart/hpl_uart.o
                             0x13c293 (size before relaxing)
 .debug_str     0x001460a9      0x146 iso_spi_main_functions.o
                             0x13f386 (size before relaxing)
 .debug_str     0x001461ef       0x59 main.o
                             0x13f37e (size before relaxing)

.debug_frame    0x00000000     0x18d0
 .debug_frame   0x00000000       0x28 atmel_start.o
 .debug_frame   0x00000028       0x90 bms.o
 .debug_frame   0x000000b8       0x38 Device_Startup/startup_samv71q21b.o
 .debug_frame   0x000000f0       0xb0 driver_init.o
 .debug_frame   0x000001a0       0x40 hal/src/hal_atomic.o
 .debug_frame   0x000001e0       0x68 hal/src/hal_delay.o
 .debug_frame   0x00000248       0x58 hal/src/hal_io.o
 .debug_frame   0x000002a0      0x194 hal/src/hal_spi_m_sync.o
 .debug_frame   0x00000434      0x1f0 hal/src/hal_usart_sync.o
 .debug_frame   0x00000624       0x20 hal/utils/src/utils_assert.o
 .debug_frame   0x00000644       0xa8 hal/utils/src/utils_syscalls.o
 .debug_frame   0x000006ec       0xcc hpl/core/hpl_core_m7_base.o
 .debug_frame   0x000007b8       0x2c hpl/core/hpl_init.o
 .debug_frame   0x000007e4       0x48 hpl/pmc/hpl_pmc.o
 .debug_frame   0x0000082c      0x668 hpl/spi/hpl_spi.o
 .debug_frame   0x00000e94       0x78 hpl/systick/hpl_systick_ARMv7_base.o
 .debug_frame   0x00000f0c      0x584 hpl/uart/hpl_uart.o
 .debug_frame   0x00001490       0xf0 iso_spi_main_functions.o
 .debug_frame   0x00001580       0x74 main.o
 .debug_frame   0x000015f4       0x2c c:/program files (x86)/atmel/studio/7.0/toolchain/arm/arm-gnu-toolchain/bin/../lib/gcc/arm-none-eabi/6.3.1/../../../../arm-none-eabi/lib/thumb/v7e-m\libc_nano.a(lib_a-init.o)
 .debug_frame   0x00001620       0x30 c:/program files (x86)/atmel/studio/7.0/toolchain/arm/arm-gnu-toolchain/bin/../lib/gcc/arm-none-eabi/6.3.1/../../../../arm-none-eabi/lib/thumb/v7e-m\libc_nano.a(lib_a-malloc.o)
 .debug_frame   0x00001650       0x28 c:/program files (x86)/atmel/studio/7.0/toolchain/arm/arm-gnu-toolchain/bin/../lib/gcc/arm-none-eabi/6.3.1/../../../../arm-none-eabi/lib/thumb/v7e-m\libc_nano.a(lib_a-memcpy-stub.o)
 .debug_frame   0x00001678       0x20 c:/program files (x86)/atmel/studio/7.0/toolchain/arm/arm-gnu-toolchain/bin/../lib/gcc/arm-none-eabi/6.3.1/../../../../arm-none-eabi/lib/thumb/v7e-m\libc_nano.a(lib_a-memset.o)
 .debug_frame   0x00001698       0x38 c:/program files (x86)/atmel/studio/7.0/toolchain/arm/arm-gnu-toolchain/bin/../lib/gcc/arm-none-eabi/6.3.1/../../../../arm-none-eabi/lib/thumb/v7e-m\libc_nano.a(lib_a-nano-freer.o)
 .debug_frame   0x000016d0       0x2c c:/program files (x86)/atmel/studio/7.0/toolchain/arm/arm-gnu-toolchain/bin/../lib/gcc/arm-none-eabi/6.3.1/../../../../arm-none-eabi/lib/thumb/v7e-m\libc_nano.a(lib_a-nano-mallocr.o)
 .debug_frame   0x000016fc       0x2c c:/program files (x86)/atmel/studio/7.0/toolchain/arm/arm-gnu-toolchain/bin/../lib/gcc/arm-none-eabi/6.3.1/../../../../arm-none-eabi/lib/thumb/v7e-m\libc_nano.a(lib_a-sbrkr.o)
 .debug_frame   0x00001728      0x11c c:/program files (x86)/atmel/studio/7.0/toolchain/arm/arm-gnu-toolchain/bin/../lib/gcc/arm-none-eabi/6.3.1/../../../../arm-none-eabi/lib/thumb/v7e-m\libc_nano.a(lib_a-findfp.o)
 .debug_frame   0x00001844       0x30 c:/program files (x86)/atmel/studio/7.0/toolchain/arm/arm-gnu-toolchain/bin/../lib/gcc/arm-none-eabi/6.3.1/../../../../arm-none-eabi/lib/thumb/v7e-m\libc_nano.a(lib_a-mlock.o)
 .debug_frame   0x00001874       0x5c c:/program files (x86)/atmel/studio/7.0/toolchain/arm/arm-gnu-toolchain/bin/../lib/gcc/arm-none-eabi/6.3.1/../../../../arm-none-eabi/lib/thumb/v7e-m\libc_nano.a(lib_a-reent.o)
