Archive member included to satisfy reference by file (symbol)

c:/program files (x86)/atmel/studio/7.0/toolchain/arm/arm-gnu-toolchain/bin/../lib/gcc/arm-none-eabi/6.3.1/../../../../arm-none-eabi/lib/thumb/v7e-m\libc_nano.a(lib_a-exit.o)
                              c:/program files (x86)/atmel/studio/7.0/toolchain/arm/arm-gnu-toolchain/bin/../lib/gcc/arm-none-eabi/6.3.1/../../../../arm-none-eabi/lib/thumb/v7e-m/crt0.o (exit)
c:/program files (x86)/atmel/studio/7.0/toolchain/arm/arm-gnu-toolchain/bin/../lib/gcc/arm-none-eabi/6.3.1/../../../../arm-none-eabi/lib/thumb/v7e-m\libc_nano.a(lib_a-impure.o)
                              c:/program files (x86)/atmel/studio/7.0/toolchain/arm/arm-gnu-toolchain/bin/../lib/gcc/arm-none-eabi/6.3.1/../../../../arm-none-eabi/lib/thumb/v7e-m\libc_nano.a(lib_a-exit.o) (_global_impure_ptr)
c:/program files (x86)/atmel/studio/7.0/toolchain/arm/arm-gnu-toolchain/bin/../lib/gcc/arm-none-eabi/6.3.1/../../../../arm-none-eabi/lib/thumb/v7e-m\libc_nano.a(lib_a-init.o)
                              c:/program files (x86)/atmel/studio/7.0/toolchain/arm/arm-gnu-toolchain/bin/../lib/gcc/arm-none-eabi/6.3.1/../../../../arm-none-eabi/lib/thumb/v7e-m/crt0.o (__libc_init_array)
c:/program files (x86)/atmel/studio/7.0/toolchain/arm/arm-gnu-toolchain/bin/../lib/gcc/arm-none-eabi/6.3.1/../../../../arm-none-eabi/lib/thumb/v7e-m\libc_nano.a(lib_a-memset.o)
                              c:/program files (x86)/atmel/studio/7.0/toolchain/arm/arm-gnu-toolchain/bin/../lib/gcc/arm-none-eabi/6.3.1/../../../../arm-none-eabi/lib/thumb/v7e-m/crt0.o (memset)
c:/program files (x86)/atmel/studio/7.0/toolchain/arm/arm-gnu-toolchain/bin/../lib/gcc/arm-none-eabi/6.3.1/../../../../arm-none-eabi/lib/thumb/v7e-m\libc_nano.a(lib_a-printf.o)
                              hal/utils/src/utils_syscalls.o (printf)
c:/program files (x86)/atmel/studio/7.0/toolchain/arm/arm-gnu-toolchain/bin/../lib/gcc/arm-none-eabi/6.3.1/../../../../arm-none-eabi/lib/thumb/v7e-m\libc_nano.a(lib_a-findfp.o)
                              c:/program files (x86)/atmel/studio/7.0/toolchain/arm/arm-gnu-toolchain/bin/../lib/gcc/arm-none-eabi/6.3.1/../../../../arm-none-eabi/lib/thumb/v7e-m\libc_nano.a(lib_a-printf.o) (__sinit)
c:/program files (x86)/atmel/studio/7.0/toolchain/arm/arm-gnu-toolchain/bin/../lib/gcc/arm-none-eabi/6.3.1/../../../../arm-none-eabi/lib/thumb/v7e-m\libc_nano.a(lib_a-fwalk.o)
                              c:/program files (x86)/atmel/studio/7.0/toolchain/arm/arm-gnu-toolchain/bin/../lib/gcc/arm-none-eabi/6.3.1/../../../../arm-none-eabi/lib/thumb/v7e-m\libc_nano.a(lib_a-findfp.o) (_fwalk)
c:/program files (x86)/atmel/studio/7.0/toolchain/arm/arm-gnu-toolchain/bin/../lib/gcc/arm-none-eabi/6.3.1/../../../../arm-none-eabi/lib/thumb/v7e-m\libc_nano.a(lib_a-nano-mallocr.o)
                              c:/program files (x86)/atmel/studio/7.0/toolchain/arm/arm-gnu-toolchain/bin/../lib/gcc/arm-none-eabi/6.3.1/../../../../arm-none-eabi/lib/thumb/v7e-m\libc_nano.a(lib_a-findfp.o) (_malloc_r)
c:/program files (x86)/atmel/studio/7.0/toolchain/arm/arm-gnu-toolchain/bin/../lib/gcc/arm-none-eabi/6.3.1/../../../../arm-none-eabi/lib/thumb/v7e-m\libc_nano.a(lib_a-nano-vfprintf.o)
                              c:/program files (x86)/atmel/studio/7.0/toolchain/arm/arm-gnu-toolchain/bin/../lib/gcc/arm-none-eabi/6.3.1/../../../../arm-none-eabi/lib/thumb/v7e-m\libc_nano.a(lib_a-printf.o) (_vfprintf_r)
c:/program files (x86)/atmel/studio/7.0/toolchain/arm/arm-gnu-toolchain/bin/../lib/gcc/arm-none-eabi/6.3.1/../../../../arm-none-eabi/lib/thumb/v7e-m\libc_nano.a(lib_a-nano-vfprintf_i.o)
                              c:/program files (x86)/atmel/studio/7.0/toolchain/arm/arm-gnu-toolchain/bin/../lib/gcc/arm-none-eabi/6.3.1/../../../../arm-none-eabi/lib/thumb/v7e-m\libc_nano.a(lib_a-nano-vfprintf.o) (_printf_i)
c:/program files (x86)/atmel/studio/7.0/toolchain/arm/arm-gnu-toolchain/bin/../lib/gcc/arm-none-eabi/6.3.1/../../../../arm-none-eabi/lib/thumb/v7e-m\libc_nano.a(lib_a-sbrkr.o)
                              c:/program files (x86)/atmel/studio/7.0/toolchain/arm/arm-gnu-toolchain/bin/../lib/gcc/arm-none-eabi/6.3.1/../../../../arm-none-eabi/lib/thumb/v7e-m\libc_nano.a(lib_a-nano-mallocr.o) (_sbrk_r)
c:/program files (x86)/atmel/studio/7.0/toolchain/arm/arm-gnu-toolchain/bin/../lib/gcc/arm-none-eabi/6.3.1/../../../../arm-none-eabi/lib/thumb/v7e-m\libc_nano.a(lib_a-stdio.o)
                              c:/program files (x86)/atmel/studio/7.0/toolchain/arm/arm-gnu-toolchain/bin/../lib/gcc/arm-none-eabi/6.3.1/../../../../arm-none-eabi/lib/thumb/v7e-m\libc_nano.a(lib_a-findfp.o) (__sread)
c:/program files (x86)/atmel/studio/7.0/toolchain/arm/arm-gnu-toolchain/bin/../lib/gcc/arm-none-eabi/6.3.1/../../../../arm-none-eabi/lib/thumb/v7e-m\libc_nano.a(lib_a-wbuf.o)
[...]
Memory Configuration

Name             Origin             Length             Attributes
rom              0x00400000         0x00200000         xr
ram              0x20400000         0x00060000         xrw
*default*        0x00000000         0xffffffff

Linker script and memory map

LOAD c:/program files (x86)/atmel/studio/7.0/toolchain/arm/arm-gnu-toolchain/bin/../lib/gcc/arm-none-eabi/6.3.1/thumb/v7e-m/crti.o
LOAD c:/program files (x86)/atmel/studio/7.0/toolchain/arm/arm-gnu-toolchain/bin/../lib/gcc/arm-none-eabi/6.3.1/thumb/v7e-m/crtbegin.o
LOAD c:/program files (x86)/atmel/studio/7.0/toolchain/arm/arm-gnu-toolchain/bin/../lib/gcc/arm-none-eabi/6.3.1/../../../../arm-none-eabi/lib/thumb/v7e-m/crt0.o
LOAD atmel_start.o
LOAD bms.o
LOAD Device_Startup/startup_samv71q21b.o
LOAD Device_Startup/system_samv71q21b.o
LOAD driver_init.o
LOAD examples/driver_examples.o
LOAD hal/src/hal_atomic.o
LOAD hal/src/hal_delay.o
LOAD hal/src/hal_gpio.o
LOAD hal/src/hal_init.o
LOAD hal/src/hal_io.o
LOAD hal/src/hal_sleep.o
LOAD hal/src/hal_spi_m_sync.o
LOAD hal/src/hal_usart_sync.o
LOAD hal/utils/src/utils_assert.o
LOAD hal/utils/src/utils_event.o
LOAD hal/utils/src/utils_list.o
LOAD hal/utils/src/utils_ringbuffer.o
LOAD hal/utils/src/utils_syscalls.o
LOAD hpl/core/hpl_core_m7_base.o
LOAD hpl/core/hpl_init.o
LOAD hpl/pmc/hpl_pmc.o
LOAD hpl/pmc/hpl_sleep.o
LOAD hpl/spi/hpl_spi.o
LOAD hpl/systick/hpl_systick_ARMv7_base.o
LOAD hpl/uart/hpl_uart.o
LOAD hpl/xdmac/hpl_xdmac.o
LOAD main.o
START GROUP
LOAD c:/program files (x86)/atmel/studio/7.0/toolchain/arm/arm-gnu-toolchain/bin/../lib/gcc/arm-none-eabi/6.3.1/../../../../arm-none-eabi/lib/thumb/v7e-m\libm.a
END GROUP
START GROUP
LOAD c:/program files (x86)/atmel/studio/7.0/toolchain/arm/arm-gnu-toolchain/bin/../lib/gcc/arm-none-eabi/6.3.1/thumb/v7e-m\libgcc.a
LOAD c:/program files (x86)/atmel/studio/7.0/toolchain/arm/arm-gnu-toolchain/bin/../lib/gcc/arm-none-eabi/6.3.1/../../../../arm-none-eabi/lib/thumb/v7e-m\libc_nano.a
END GROUP
START GROUP
LOAD c:/program files (x86)/atmel/studio/7.0/toolchain/arm/arm-gnu-toolchain/bin/../lib/gcc/arm-none-eabi/6.3.1/thumb/v7e-m\libgcc.a
LOAD c:/program files (x86)/atmel/studio/7.0/toolchain/arm/arm-gnu-toolchain/bin/../lib/gcc/arm-none-eabi/6.3.1/../../../../arm-none-eabi/lib/thumb/v7e-m\libc_nano.a
END GROUP
LOAD c:/program files (x86)/atmel/studio/7.0/toolchain/arm/arm-gnu-toolchain/bin/../lib/gcc/arm-none-eabi/6.3.1/thumb/v7e-m/crtend.o
LOAD c:/program files (x86)/atmel/studio/7.0/toolchain/arm/arm-gnu-toolchain/bin/../lib/gcc/arm-none-eabi/6.3.1/thumb/v7e-m/crtn.o
                0x00000400                STACK_SIZE = DEFINED (STACK_SIZE)?STACK_SIZE:DEFINED (__stack_size__)?__stack_size__:0x400
                0x00000200                HEAP_SIZE = DEFINED (HEAP_SIZE)?HEAP_SIZE:DEFINED (__heap_size__)?__heap_size__:0x200

.text           0x00400000     0x1570
                0x00400000                . = ALIGN (0x4)
                0x00400000                _sfixed = .
 *(.vectors .vectors.*)
 .vectors       0x00400000      0x168 Device_Startup/startup_samv71q21b.o
                0x00400000                exception_table
 *(.text .text.* .gnu.linkonce.t.*)
 .text          0x00400168       0x6c c:/program files (x86)/atmel/studio/7.0/toolchain/arm/arm-gnu-toolchain/bin/../lib/gcc/arm-none-eabi/6.3.1/thumb/v7e-m/crtbegin.o
 .text.atmel_start_init
                0x004001d4        0xc atmel_start.o
                0x004001d4                atmel_start_init
 .text.PEC_calculate
                0x004001e0       0x2c bms.o
                0x004001e0                PEC_calculate
 .text.PEC_verify
                0x0040020c       0x1c bms.o
                0x0040020c                PEC_verify
 .text.isoSpi_send
                0x00400228       0x4c bms.o
                0x00400228                isoSpi_send
 .text.enable_cs
                0x00400274       0x10 bms.o
                0x00400274                enable_cs
 .text.disable_cs
                0x00400284       0x10 bms.o
                0x00400284                disable_cs
 .text.wakeup_sleep
                0x00400294       0x20 bms.o
                0x00400294                wakeup_sleep
 .text.broadcast_poll
                0x004002b4       0x54 bms.o
                0x004002b4                broadcast_poll
 .text.start_cell_voltages_conversion
                0x00400308       0x10 bms.o
                0x00400308                start_cell_voltages_conversion
 .text.broadcast_read
                0x00400318       0xa0 bms.o
                0x00400318                broadcast_read
 .text.get_cell_voltages
                0x004003b8       0xd4 bms.o
                0x004003b8                get_cell_voltages
 .text.Dummy_Handler
                0x0040048c        0x2 Device_Startup/startup_samv71q21b.o
                0x0040048c                DACC_Handler
                0x0040048c                SVCall_Handler
                0x0040048c                UART3_Handler
                0x0040048c                UART2_Handler
                0x0040048c                TRNG_Handler
                0x0040048c                HardFault_Handler
                0x0040048c                TC2_Handler
                0x0040048c                SysTick_Handler
                0x0040048c                AFEC1_Handler
                0x0040048c                PendSV_Handler
                0x0040048c                TC7_Handler
                0x0040048c                QSPI_Handler
                0x0040048c                NonMaskableInt_Handler
                0x0040048c                ISI_Handler
                0x0040048c                MCAN0_INT0_Handler
                0x0040048c                TC9_Handler
                0x0040048c                RSWDT_Handler
                0x0040048c                USART0_Handler
                0x0040048c                RTT_Handler
                0x0040048c                USBHS_Handler
                0x0040048c                IXC_Handler
                0x0040048c                CCF_Handler
                0x0040048c                PIOB_Handler
                0x0040048c                RTC_Handler
                0x0040048c                UsageFault_Handler
                0x0040048c                TC6_Handler
                0x0040048c                WDT_Handler
                0x0040048c                MCAN1_INT1_Handler
                0x0040048c                TC4_Handler
                0x0040048c                TC1_Handler
                0x0040048c                HSMCI_Handler
                0x0040048c                UART1_Handler
                0x0040048c                TC3_Handler
                0x0040048c                Dummy_Handler
                0x0040048c                TWIHS1_Handler
                0x0040048c                XDMAC_Handler
                0x0040048c                UART4_Handler
                0x0040048c                PWM1_Handler
                0x0040048c                USART1_Handler
                0x0040048c                PWM0_Handler
                0x0040048c                PIOA_Handler
                0x0040048c                AFEC0_Handler
                0x0040048c                CCW_Handler
                0x0040048c                SSC_Handler
                0x0040048c                TC11_Handler
                0x0040048c                ACC_Handler
                0x0040048c                PMC_Handler
                0x0040048c                GMAC_Handler
                0x0040048c                MCAN0_INT1_Handler
                0x0040048c                GMAC_Q5_Handler
                0x0040048c                SUPC_Handler
                0x0040048c                TC8_Handler
                0x0040048c                MCAN1_INT0_Handler
                0x0040048c                EFC_Handler
                0x0040048c                GMAC_Q1_Handler
                0x0040048c                USART2_Handler
                0x0040048c                SDRAMC_Handler
                0x0040048c                GMAC_Q2_Handler
                0x0040048c                PIOE_Handler
                0x0040048c                SPI1_Handler
                0x0040048c                TC10_Handler
                0x0040048c                GMAC_Q3_Handler
                0x0040048c                PIOD_Handler
                0x0040048c                TWIHS2_Handler
                0x0040048c                MLB_Handler
                0x0040048c                I2SC0_Handler
                0x0040048c                UART0_Handler
                0x0040048c                I2SC1_Handler
                0x0040048c                PIOC_Handler
                0x0040048c                GMAC_Q4_Handler
                0x0040048c                FPU_Handler
                0x0040048c                BusFault_Handler
                0x0040048c                RSTC_Handler
                0x0040048c                TC0_Handler
                0x0040048c                MemoryManagement_Handler
                0x0040048c                DebugMonitor_Handler
                0x0040048c                TC5_Handler
                0x0040048c                ICM_Handler
                0x0040048c                AES_Handler
                0x0040048c                TWIHS0_Handler
                0x0040048c                SPI0_Handler
 *fill*         0x0040048e        0x2 
 .text.Reset_Handler
                0x00400490       0x68 Device_Startup/startup_samv71q21b.o
                0x00400490                Reset_Handler
 .text.SPI_0_PORT_init
                0x004004f8       0x60 driver_init.o
                0x004004f8                SPI_0_PORT_init
 .text.SPI_0_CLOCK_init
                0x00400558       0x1c driver_init.o
                0x00400558                SPI_0_CLOCK_init
 .text.SPI_0_init
                0x00400574       0x40 driver_init.o
                0x00400574                SPI_0_init
 .text.delay_driver_init
                0x004005b4       0x14 driver_init.o
                0x004005b4                delay_driver_init
 .text.USART_1_PORT_init
                0x004005c8       0x30 driver_init.o
                0x004005c8                USART_1_PORT_init
 .text.USART_1_CLOCK_init
                0x004005f8       0x18 driver_init.o
                0x004005f8                USART_1_CLOCK_init
 .text.USART_1_init
                0x00400610       0x34 driver_init.o
                0x00400610                USART_1_init
 .text.system_init
                0x00400644       0x34 driver_init.o
                0x00400644                system_init
 .text.atomic_enter_critical
                0x00400678        0xe hal/src/hal_atomic.o
                0x00400678                atomic_enter_critical
 .text.atomic_leave_critical
                0x00400686        0xc hal/src/hal_atomic.o
                0x00400686                atomic_leave_critical
 *fill*         0x00400692        0x2 
 .text.delay_init
                0x00400694       0x14 hal/src/hal_delay.o
                0x00400694                delay_init
 .text.delay_us
                0x004006a8       0x20 hal/src/hal_delay.o
                0x004006a8                delay_us
 .text.delay_ms
                0x004006c8       0x20 hal/src/hal_delay.o
                0x004006c8                delay_ms
 .text.io_write
                0x004006e8       0x30 hal/src/hal_io.o
                0x004006e8                io_write
 .text.spi_m_sync_set_func_ptr
                0x00400718       0x20 hal/src/hal_spi_m_sync.o
                0x00400718                spi_m_sync_set_func_ptr
 .text.spi_m_sync_init
                0x00400738       0x50 hal/src/hal_spi_m_sync.o
                0x00400738                spi_m_sync_init
 .text.spi_m_sync_enable
                0x00400788       0x28 hal/src/hal_spi_m_sync.o
                0x00400788                spi_m_sync_enable
 .text.spi_m_sync_transfer
                0x004007b0       0x40 hal/src/hal_spi_m_sync.o
                0x004007b0                spi_m_sync_transfer
 .text._spi_m_sync_io_write
                0x004007f0       0x3c hal/src/hal_spi_m_sync.o
 .text._spi_m_sync_io_read
                0x0040082c       0x3c hal/src/hal_spi_m_sync.o
 .text.spi_m_sync_get_io_descriptor
                0x00400868       0x2c hal/src/hal_spi_m_sync.o
                0x00400868                spi_m_sync_get_io_descriptor
 .text.usart_sync_write
                0x00400894       0x70 hal/src/hal_usart_sync.o
 .text.usart_sync_read
                0x00400904       0x60 hal/src/hal_usart_sync.o
 .text.usart_sync_init
                0x00400964       0x48 hal/src/hal_usart_sync.o
                0x00400964                usart_sync_init
 .text.usart_sync_enable
                0x004009ac       0x2c hal/src/hal_usart_sync.o
                0x004009ac                usart_sync_enable
 .text.usart_sync_get_io_descriptor
                0x004009d8       0x28 hal/src/hal_usart_sync.o
                0x004009d8                usart_sync_get_io_descriptor
 .text.assert   0x00400a00        0x6 hal/utils/src/utils_assert.o
                0x00400a00                assert
 .text._get_cycles_for_us
                0x00400a06        0xa hpl/core/hpl_core_m7_base.o
                0x00400a06                _get_cycles_for_us
 .text._get_cycles_for_ms
                0x00400a10       0x12 hpl/core/hpl_core_m7_base.o
                0x00400a10                _get_cycles_for_ms
 *fill*         0x00400a22        0x2 
 .text._init_chip
                0x00400a24       0x54 hpl/core/hpl_init.o
                0x00400a24                _init_chip
 .text._pmc_init_sources
                0x00400a78       0x50 hpl/pmc/hpl_pmc.o
 .text._pmc_init_master_clock
                0x00400ac8       0x4c hpl/pmc/hpl_pmc.o
 .text._pmc_init
                0x00400b14       0x14 hpl/pmc/hpl_pmc.o
                0x00400b14                _pmc_init
 .text._spi_sync_enable
                0x00400b28        0x8 hpl/spi/hpl_spi.o
 .text._spi_get_hardware_index
                0x00400b30       0x18 hpl/spi/hpl_spi.o
 .text._spi_m_sync_init
                0x00400b48       0xa8 hpl/spi/hpl_spi.o
                0x00400b48                _spi_m_sync_init
 .text._spi_m_sync_enable
                0x00400bf0       0x34 hpl/spi/hpl_spi.o
                0x00400bf0                _spi_m_sync_enable
 .text._spi_m_sync_trans
                0x00400c24      0x100 hpl/spi/hpl_spi.o
                0x00400c24                _spi_m_sync_trans
 .text._spi_get_spi_m_sync
                0x00400d24        0x4 hpl/spi/hpl_spi.o
                0x00400d24                _spi_get_spi_m_sync
 .text._system_time_init
                0x00400d28       0x14 hpl/systick/hpl_systick_ARMv7_base.o
                0x00400d28                _system_time_init
 .text._delay_init
                0x00400d3c        0xc hpl/systick/hpl_systick_ARMv7_base.o
                0x00400d3c                _delay_init
 .text._delay_cycles
                0x00400d48       0x40 hpl/systick/hpl_systick_ARMv7_base.o
                0x00400d48                _delay_cycles
 .text._uart_get_hardware_index
                0x00400d88       0x60 hpl/uart/hpl_uart.o
 .text._get_uart_index
                0x00400de8       0x54 hpl/uart/hpl_uart.o
 .text._uart_init
                0x00400e3c       0x54 hpl/uart/hpl_uart.o
 .text._usart_sync_init
                0x00400e90       0x38 hpl/uart/hpl_uart.o
                0x00400e90                _usart_sync_init
 .text._usart_sync_enable
                0x00400ec8       0x34 hpl/uart/hpl_uart.o
                0x00400ec8                _usart_sync_enable
 .text._usart_sync_write_byte
                0x00400efc       0x24 hpl/uart/hpl_uart.o
                0x00400efc                _usart_sync_write_byte
 .text._usart_sync_read_byte
                0x00400f20       0x24 hpl/uart/hpl_uart.o
                0x00400f20                _usart_sync_read_byte
 .text._usart_sync_is_ready_to_send
                0x00400f44       0x28 hpl/uart/hpl_uart.o
                0x00400f44                _usart_sync_is_ready_to_send
 .text._usart_sync_is_transmit_done
                0x00400f6c       0x28 hpl/uart/hpl_uart.o
                0x00400f6c                _usart_sync_is_transmit_done
 .text._usart_sync_is_byte_received
                0x00400f94       0x28 hpl/uart/hpl_uart.o
                0x00400f94                _usart_sync_is_byte_received
 .text._uart_get_usart_sync
                0x00400fbc        0x4 hpl/uart/hpl_uart.o
                0x00400fbc                _uart_get_usart_sync
 .text.print_uart_func
                0x00400fc0       0x38 main.o
                0x00400fc0                print_uart_func
 .text.main     0x00400ff8       0x68 main.o
                0x00400ff8                main
 .text.__libc_init_array
                0x00401060       0x48 c:/program files (x86)/atmel/studio/7.0/toolchain/arm/arm-gnu-toolchain/bin/../lib/gcc/arm-none-eabi/6.3.1/../../../../arm-none-eabi/lib/thumb/v7e-m\libc_nano.a(lib_a-init.o)
                0x00401060                __libc_init_array
 *(.glue_7t)
 .glue_7t       0x004010a8        0x0 linker stubs
 *(.glue_7)
 .glue_7        0x004010a8        0x0 linker stubs
 *(.rodata .rodata* .gnu.linkonce.r.*)
 .rodata        0x004010a8      0x400 bms.o
 .rodata.str1.4
                0x004014a8        0x7 bms.o
 *fill*         0x004014af        0x1 
 .rodata.str1.4
                0x004014b0       0x14 hal/src/hal_io.o
 .rodata.str1.4
                0x004014c4       0x1c hal/src/hal_spi_m_sync.o
 .rodata.str1.4
                0x004014e0       0x1c hal/src/hal_usart_sync.o
 .rodata        0x004014fc       0x14 hpl/spi/hpl_spi.o
 .rodata.str1.4
                0x00401510       0x15 hpl/spi/hpl_spi.o
 *fill*         0x00401525        0x3 
 .rodata        0x00401528        0xc hpl/uart/hpl_uart.o
 .rodata.str1.4
                0x00401534       0x17 hpl/uart/hpl_uart.o
 *fill*         0x0040154b        0x1 
 .rodata.str1.4
                0x0040154c        0x4 main.o
                                  0x2 (size before relaxing)
 *(.ARM.extab* .gnu.linkonce.armextab.*)
                0x00401550                . = ALIGN (0x4)
 *(.init)
 .init          0x00401550        0x4 c:/program files (x86)/atmel/studio/7.0/toolchain/arm/arm-gnu-toolchain/bin/../lib/gcc/arm-none-eabi/6.3.1/thumb/v7e-m/crti.o
                0x00401550                _init
 .init          0x00401554        0x8 c:/program files (x86)/atmel/studio/7.0/toolchain/arm/arm-gnu-toolchain/bin/../lib/gcc/arm-none-eabi/6.3.1/thumb/v7e-m/crtn.o
                0x0040155c                . = ALIGN (0x4)
                0x0040155c                __preinit_array_start = .
 *(.preinit_array)
                0x0040155c                __preinit_array_end = .
                0x0040155c                . = ALIGN (0x4)
                0x0040155c                __init_array_start = .
 *(SORT(.init_array.*))
 *(.init_array)
 .init_array    0x0040155c        0x4 c:/program files (x86)/atmel/studio/7.0/toolchain/arm/arm-gnu-toolchain/bin/../lib/gcc/arm-none-eabi/6.3.1/thumb/v7e-m/crtbegin.o
                0x00401560                __init_array_end = .
                0x00401560                . = ALIGN (0x4)
 *crtbegin.o(.ctors)
 *(EXCLUDE_FILE(*crtend.o) .ctors)
 *(SORT(.ctors.*))
 *crtend.o(.ctors)
                0x00401560                . = ALIGN (0x4)
 *(.fini)
 .fini          0x00401560        0x4 c:/program files (x86)/atmel/studio/7.0/toolchain/arm/arm-gnu-toolchain/bin/../lib/gcc/arm-none-eabi/6.3.1/thumb/v7e-m/crti.o
                0x00401560                _fini
 .fini          0x00401564        0x8 c:/program files (x86)/atmel/studio/7.0/toolchain/arm/arm-gnu-toolchain/bin/../lib/gcc/arm-none-eabi/6.3.1/thumb/v7e-m/crtn.o
                0x0040156c                . = ALIGN (0x4)
                0x0040156c                __fini_array_start = .
 *(.fini_array)
 .fini_array    0x0040156c        0x4 c:/program files (x86)/atmel/studio/7.0/toolchain/arm/arm-gnu-toolchain/bin/../lib/gcc/arm-none-eabi/6.3.1/thumb/v7e-m/crtbegin.o
 *(SORT(.fini_array.*))
                0x00401570                __fini_array_end = .
 *crtbegin.o(.dtors)
 *(EXCLUDE_FILE(*crtend.o) .dtors)
 *(SORT(.dtors.*))
 *crtend.o(.dtors)
                0x00401570                . = ALIGN (0x4)
                0x00401570                _efixed = .
                [!provide]                PROVIDE (__exidx_start, .)

.vfp11_veneer   0x00401570        0x0
 .vfp11_veneer  0x00401570        0x0 linker stubs

.v4_bx          0x00401570        0x0
 .v4_bx         0x00401570        0x0 linker stubs

.iplt           0x00401570        0x0
 .iplt          0x00401570        0x0 c:/program files (x86)/atmel/studio/7.0/toolchain/arm/arm-gnu-toolchain/bin/../lib/gcc/arm-none-eabi/6.3.1/thumb/v7e-m/crtbegin.o

.eh_frame       0x00401570        0x0
 .eh_frame      0x00401570        0x0 c:/program files (x86)/atmel/studio/7.0/toolchain/arm/arm-gnu-toolchain/bin/../lib/gcc/arm-none-eabi/6.3.1/thumb/v7e-m/crtbegin.o

.rel.dyn        0x00401570        0x0
 .rel.iplt      0x00401570        0x0 c:/program files (x86)/atmel/studio/7.0/toolchain/arm/arm-gnu-toolchain/bin/../lib/gcc/arm-none-eabi/6.3.1/thumb/v7e-m/crtbegin.o

.jcr            0x00401570        0x0
 .jcr           0x00401570        0x0 c:/program files (x86)/atmel/studio/7.0/toolchain/arm/arm-gnu-toolchain/bin/../lib/gcc/arm-none-eabi/6.3.1/thumb/v7e-m/crtbegin.o

.igot.plt       0x00401570        0x0
 .igot.plt      0x00401570        0x0 c:/program files (x86)/atmel/studio/7.0/toolchain/arm/arm-gnu-toolchain/bin/../lib/gcc/arm-none-eabi/6.3.1/thumb/v7e-m/crtbegin.o

.ARM.exidx
 *(.ARM.exidx* .gnu.linkonce.armexidx.*)
                [!provide]                PROVIDE (__exidx_end, .)
                0x00401570                . = ALIGN (0x4)
                0x00401570                _etext = .

.relocate       0x20400000        0x0 load address 0x00401570
                0x20400000                . = ALIGN (0x4)
                0x20400000                _srelocate = .
 *(.ramfunc .ramfunc.*)
 *(.data .data.*)
                0x20400000                . = ALIGN (0x4)
                0x20400000                _erelocate = .

.bss            0x20400000       0x44
                0x20400000                . = ALIGN (0x4)
                0x20400000                _sbss = .
                0x20400000                _szero = .
 *(.bss .bss.*)
 .bss           0x20400000       0x1c c:/program files (x86)/atmel/studio/7.0/toolchain/arm/arm-gnu-toolchain/bin/../lib/gcc/arm-none-eabi/6.3.1/thumb/v7e-m/crtbegin.o
 .bss           0x2040001c        0x4 hal/src/hal_delay.o
 *(COMMON)
 COMMON         0x20400020       0x24 driver_init.o
                0x20400020                SPI_0
                0x20400038                USART_1
                0x20400044                . = ALIGN (0x4)
                0x20400044                _ebss = .
                0x20400044                _ezero = .

.heap           0x20400044      0x204
                0x20400048                . = ALIGN (0x8)
 *fill*         0x20400044        0x4 
                0x20400048                _sheap = .
                0x20400248                . = (. + HEAP_SIZE)
 *fill*         0x20400048      0x200 
                0x20400248                . = ALIGN (0x8)
                0x20400248                _eheap = .

.stack          0x20400248      0x400
                0x20400248                . = ALIGN (0x8)
                0x20400248                _sstack = .
                0x20400648                . = (. + STACK_SIZE)
 *fill*         0x20400248      0x400 
                0x20400648                . = ALIGN (0x8)
                0x20400648                _estack = .
                0x20400648                . = ALIGN (0x4)
                0x20400648                _end = .
                0x2045ffff                _ram_end_ = ((ORIGIN (ram) + LENGTH (ram)) - 0x1)
OUTPUT(SPI_UART_test.elf elf32-littlearm)

.ARM.attributes
                0x00000000       0x2e
 .ARM.attributes
                0x00000000       0x1e c:/program files (x86)/atmel/studio/7.0/toolchain/arm/arm-gnu-toolchain/bin/../lib/gcc/arm-none-eabi/6.3.1/thumb/v7e-m/crti.o
 .ARM.attributes
                0x0000001e       0x2e c:/program files (x86)/atmel/studio/7.0/toolchain/arm/arm-gnu-toolchain/bin/../lib/gcc/arm-none-eabi/6.3.1/thumb/v7e-m/crtbegin.o
 .ARM.attributes
                0x0000004c       0x37 atmel_start.o
 .ARM.attributes
                0x00000083       0x37 bms.o
 .ARM.attributes
                0x000000ba       0x37 Device_Startup/startup_samv71q21b.o
 .ARM.attributes
                0x000000f1       0x37 driver_init.o
 .ARM.attributes
                0x00000128       0x37 hal/src/hal_atomic.o
 .ARM.attributes
                0x0000015f       0x37 hal/src/hal_delay.o
 .ARM.attributes
                0x00000196       0x37 hal/src/hal_io.o
 .ARM.attributes
                0x000001cd       0x37 hal/src/hal_spi_m_sync.o
 .ARM.attributes
                0x00000204       0x37 hal/src/hal_usart_sync.o
 .ARM.attributes
                0x0000023b       0x37 hal/utils/src/utils_assert.o
 .ARM.attributes
                0x00000272       0x37 hpl/core/hpl_core_m7_base.o
 .ARM.attributes
                0x000002a9       0x37 hpl/core/hpl_init.o
 .ARM.attributes
                0x000002e0       0x37 hpl/pmc/hpl_pmc.o
 .ARM.attributes
                0x00000317       0x37 hpl/spi/hpl_spi.o
 .ARM.attributes
                0x0000034e       0x37 hpl/systick/hpl_systick_ARMv7_base.o
 .ARM.attributes
                0x00000385       0x37 hpl/uart/hpl_uart.o
 .ARM.attributes
                0x000003bc       0x37 main.o
 .ARM.attributes
                0x000003f3       0x2e c:/program files (x86)/atmel/studio/7.0/toolchain/arm/arm-gnu-toolchain/bin/../lib/gcc/arm-none-eabi/6.3.1/../../../../arm-none-eabi/lib/thumb/v7e-m\libc_nano.a(lib_a-init.o)
 .ARM.attributes
                0x00000421       0x1e c:/program files (x86)/atmel/studio/7.0/toolchain/arm/arm-gnu-toolchain/bin/../lib/gcc/arm-none-eabi/6.3.1/thumb/v7e-m/crtn.o

.comment        0x00000000       0x59
 .comment       0x00000000       0x59 atmel_start.o
                                 0x5a (size before relaxing)
 .comment       0x00000059       0x5a bms.o
 .comment       0x00000059       0x5a Device_Startup/startup_samv71q21b.o
 .comment       0x00000059       0x5a driver_init.o
 .comment       0x00000059       0x5a hal/src/hal_atomic.o
 .comment       0x00000059       0x5a hal/src/hal_delay.o
 .comment       0x00000059       0x5a hal/src/hal_io.o
 .comment       0x00000059       0x5a hal/src/hal_spi_m_sync.o
 .comment       0x00000059       0x5a hal/src/hal_usart_sync.o
 .comment       0x00000059       0x5a hal/utils/src/utils_assert.o
 .comment       0x00000059       0x5a hpl/core/hpl_core_m7_base.o
 .comment       0x00000059       0x5a hpl/core/hpl_init.o
 .comment       0x00000059       0x5a hpl/pmc/hpl_pmc.o
 .comment       0x00000059       0x5a hpl/spi/hpl_spi.o
 .comment       0x00000059       0x5a hpl/systick/hpl_systick_ARMv7_base.o
 .comment       0x00000059       0x5a hpl/uart/hpl_uart.o
 .comment       0x00000059       0x5a main.o

.debug_info     0x00000000     0xef44
 .debug_info    0x00000000      0x2b3 atmel_start.o
 .debug_info    0x000002b3     0x1a35 bms.o
 .debug_info    0x00001ce8      0xb34 Device_Startup/startup_samv71q21b.o
 .debug_info    0x0000281c     0x1e5d driver_init.o
 .debug_info    0x00004679      0x1fa hal/src/hal_atomic.o
 .debug_info    0x00004873      0x205 hal/src/hal_delay.o
 .debug_info    0x00004a78      0x311 hal/src/hal_io.o
 .debug_info    0x00004d89      0xa9e hal/src/hal_spi_m_sync.o
 .debug_info    0x00005827      0xd3b hal/src/hal_usart_sync.o
 .debug_info    0x00006562      0x130 hal/utils/src/utils_assert.o
 .debug_info    0x00006692      0xd3b hpl/core/hpl_core_m7_base.o
 .debug_info    0x000073cd      0x6be hpl/core/hpl_init.o
 .debug_info    0x00007a8b      0x894 hpl/pmc/hpl_pmc.o
 .debug_info    0x0000831f     0x2ec9 hpl/spi/hpl_spi.o
 .debug_info    0x0000b1e8      0x289 hpl/systick/hpl_systick_ARMv7_base.o
 .debug_info    0x0000b471     0x2d3a hpl/uart/hpl_uart.o
 .debug_info    0x0000e1ab      0xd99 main.o

.debug_abbrev   0x00000000     0x237c
 .debug_abbrev  0x00000000       0xfb atmel_start.o
 .debug_abbrev  0x000000fb      0x3b7 bms.o
 .debug_abbrev  0x000004b2      0x153 Device_Startup/startup_samv71q21b.o
 .debug_abbrev  0x00000605      0x2ee driver_init.o
 .debug_abbrev  0x000008f3      0x155 hal/src/hal_atomic.o
 .debug_abbrev  0x00000a48       0xf9 hal/src/hal_delay.o
 .debug_abbrev  0x00000b41      0x12d hal/src/hal_io.o
 .debug_abbrev  0x00000c6e      0x1c9 hal/src/hal_spi_m_sync.o
 .debug_abbrev  0x00000e37      0x22f hal/src/hal_usart_sync.o
 .debug_abbrev  0x00001066       0x9e hal/utils/src/utils_assert.o
 .debug_abbrev  0x00001104      0x293 hpl/core/hpl_core_m7_base.o
 .debug_abbrev  0x00001397      0x1e7 hpl/core/hpl_init.o
 .debug_abbrev  0x0000157e      0x1b7 hpl/pmc/hpl_pmc.o
 .debug_abbrev  0x00001735      0x458 hpl/spi/hpl_spi.o
 .debug_abbrev  0x00001b8d      0x174 hpl/systick/hpl_systick_ARMv7_base.o
 .debug_abbrev  0x00001d01      0x433 hpl/uart/hpl_uart.o
 .debug_abbrev  0x00002134      0x248 main.o

.debug_loc      0x00000000     0x616b
 .debug_loc     0x00000000       0x20 atmel_start.o
 .debug_loc     0x00000020      0x69d bms.o
 .debug_loc     0x000006bd       0x78 Device_Startup/startup_samv71q21b.o
 .debug_loc     0x00000735      0x46f driver_init.o
 .debug_loc     0x00000ba4       0x13 hal/src/hal_atomic.o
 .debug_loc     0x00000bb7       0xc3 hal/src/hal_delay.o
 .debug_loc     0x00000c7a      0x132 hal/src/hal_io.o
 .debug_loc     0x00000dac      0x6a5 hal/src/hal_spi_m_sync.o
 .debug_loc     0x00001451      0x8b2 hal/src/hal_usart_sync.o
 .debug_loc     0x00001d03      0x23a hpl/core/hpl_core_m7_base.o
 .debug_loc     0x00001f3d       0x77 hpl/core/hpl_init.o
 .debug_loc     0x00001fb4      0x204 hpl/pmc/hpl_pmc.o
 .debug_loc     0x000021b8     0x227a hpl/spi/hpl_spi.o
 .debug_loc     0x00004432      0x127 hpl/systick/hpl_systick_ARMv7_base.o
 .debug_loc     0x00004559     0x1b37 hpl/uart/hpl_uart.o
 .debug_loc     0x00006090       0xdb main.o

.debug_aranges  0x00000000      0x820
 .debug_aranges
                0x00000000       0x20 atmel_start.o
 .debug_aranges
                0x00000020       0x70 bms.o
 .debug_aranges
                0x00000090       0x28 Device_Startup/startup_samv71q21b.o
 .debug_aranges
                0x000000b8       0x58 driver_init.o
 .debug_aranges
                0x00000110       0x30 hal/src/hal_atomic.o
 .debug_aranges
                0x00000140       0x38 hal/src/hal_delay.o
 .debug_aranges
                0x00000178       0x30 hal/src/hal_io.o
 .debug_aranges
                0x000001a8       0x88 hal/src/hal_spi_m_sync.o
 .debug_aranges
                0x00000230       0xa8 hal/src/hal_usart_sync.o
 .debug_aranges
                0x000002d8       0x20 hal/utils/src/utils_assert.o
 .debug_aranges
                0x000002f8       0x70 hpl/core/hpl_core_m7_base.o
 .debug_aranges
                0x00000368       0x20 hpl/core/hpl_init.o
 .debug_aranges
                0x00000388       0x30 hpl/pmc/hpl_pmc.o
 .debug_aranges
                0x000003b8      0x230 hpl/spi/hpl_spi.o
 .debug_aranges
                0x000005e8       0x48 hpl/systick/hpl_systick_ARMv7_base.o
 .debug_aranges
                0x00000630      0x1c8 hpl/uart/hpl_uart.o
 .debug_aranges
                0x000007f8       0x28 main.o

.debug_ranges   0x00000000      0x7a0
 .debug_ranges  0x00000000       0x10 atmel_start.o
 .debug_ranges  0x00000010       0x78 bms.o
 .debug_ranges  0x00000088       0x18 Device_Startup/startup_samv71q21b.o
 .debug_ranges  0x000000a0       0x48 driver_init.o
 .debug_ranges  0x000000e8       0x20 hal/src/hal_atomic.o
 .debug_ranges  0x00000108       0x28 hal/src/hal_delay.o
 .debug_ranges  0x00000130       0x20 hal/src/hal_io.o
 .debug_ranges  0x00000150       0x78 hal/src/hal_spi_m_sync.o
 .debug_ranges  0x000001c8       0x98 hal/src/hal_usart_sync.o
 .debug_ranges  0x00000260       0x10 hal/utils/src/utils_assert.o
 .debug_ranges  0x00000270       0x60 hpl/core/hpl_core_m7_base.o
 .debug_ranges  0x000002d0       0x10 hpl/core/hpl_init.o
 .debug_ranges  0x000002e0       0x20 hpl/pmc/hpl_pmc.o
 .debug_ranges  0x00000300      0x280 hpl/spi/hpl_spi.o
 .debug_ranges  0x00000580       0x38 hpl/systick/hpl_systick_ARMv7_base.o
 .debug_ranges  0x000005b8      0x1b8 hpl/uart/hpl_uart.o
 .debug_ranges  0x00000770       0x30 main.o

.debug_macro    0x00000000    0x3d872
 .debug_macro   0x00000000      0x79c atmel_start.o
 .debug_macro   0x0000079c      0x8b0 atmel_start.o
 .debug_macro   0x0000104c      0x16d atmel_start.o
 .debug_macro   0x000011b9       0x22 atmel_start.o
 .debug_macro   0x000011db       0x87 atmel_start.o
 .debug_macro   0x00001262       0x51 atmel_start.o
 .debug_macro   0x000012b3       0xef atmel_start.o
 .debug_macro   0x000013a2       0x6a atmel_start.o
 .debug_macro   0x0000140c      0x1df atmel_start.o
 .debug_macro   0x000015eb       0x22 atmel_start.o
 .debug_macro   0x0000160d       0xd7 atmel_start.o
 .debug_macro   0x000016e4       0x1c atmel_start.o
 .debug_macro   0x00001700       0x22 atmel_start.o
 .debug_macro   0x00001722       0xdf atmel_start.o
 .debug_macro   0x00001801     0x12cd atmel_start.o
 .debug_macro   0x00002ace      0x11f atmel_start.o
 .debug_macro   0x00002bed       0x19 atmel_start.o
 .debug_macro   0x00002c06      0x3e2 atmel_start.o
 .debug_macro   0x00002fe8      0x5a9 atmel_start.o
 .debug_macro   0x00003591     0x1797 atmel_start.o
 .debug_macro   0x00004d28      0x3bb atmel_start.o
 .debug_macro   0x000050e3      0x830 atmel_start.o
 .debug_macro   0x00005913      0x316 atmel_start.o
 .debug_macro   0x00005c29     0x269d atmel_start.o
 .debug_macro   0x000082c6       0x40 atmel_start.o
 .debug_macro   0x00008306     0x105e atmel_start.o
 .debug_macro   0x00009364      0x60b atmel_start.o
 .debug_macro   0x0000996f      0x555 atmel_start.o
 .debug_macro   0x00009ec4      0xb8f atmel_start.o
 .debug_macro   0x0000aa53      0x62e atmel_start.o
 .debug_macro   0x0000b081     0x3ac9 atmel_start.o
 .debug_macro   0x0000eb4a      0x6bf atmel_start.o
 .debug_macro   0x0000f209     0x83ff atmel_start.o
 .debug_macro   0x00017608     0x326e atmel_start.o
 .debug_macro   0x0001a876     0x24d0 atmel_start.o
 .debug_macro   0x0001cd46      0x87f atmel_start.o
 .debug_macro   0x0001d5c5      0x17d atmel_start.o
 .debug_macro   0x0001d742      0x118 atmel_start.o
 .debug_macro   0x0001d85a      0x909 atmel_start.o
 .debug_macro   0x0001e163      0x125 atmel_start.o
 .debug_macro   0x0001e288      0x503 atmel_start.o
 .debug_macro   0x0001e78b      0x3e0 atmel_start.o
 .debug_macro   0x0001eb6b      0x709 atmel_start.o
 .debug_macro   0x0001f274      0xb64 atmel_start.o
 .debug_macro   0x0001fdd8      0xf03 atmel_start.o
 .debug_macro   0x00020cdb      0xff2 atmel_start.o
 .debug_macro   0x00021ccd      0x1a8 atmel_start.o
 .debug_macro   0x00021e75      0x124 atmel_start.o
 .debug_macro   0x00021f99      0xbc2 atmel_start.o
 .debug_macro   0x00022b5b      0x5c5 atmel_start.o
 .debug_macro   0x00023120     0x1afb atmel_start.o
 .debug_macro   0x00024c1b      0x664 atmel_start.o
 .debug_macro   0x0002527f     0x41a7 atmel_start.o
 .debug_macro   0x00029426      0x64f atmel_start.o
 .debug_macro   0x00029a75       0xc4 atmel_start.o
 .debug_macro   0x00029b39      0x12d atmel_start.o
 .debug_macro   0x00029c66     0x2a5f atmel_start.o
 .debug_macro   0x0002c6c5       0x7c atmel_start.o
 .debug_macro   0x0002c741      0x14e atmel_start.o
 .debug_macro   0x0002c88f       0xf4 atmel_start.o
 .debug_macro   0x0002c983       0xf4 atmel_start.o
 .debug_macro   0x0002ca77       0x16 atmel_start.o
 .debug_macro   0x0002ca8d       0x7c atmel_start.o
 .debug_macro   0x0002cb09       0x40 atmel_start.o
 .debug_macro   0x0002cb49      0x623 atmel_start.o
 .debug_macro   0x0002d16c       0x40 atmel_start.o
 .debug_macro   0x0002d1ac      0x7ce atmel_start.o
 .debug_macro   0x0002d97a       0x6a atmel_start.o
 .debug_macro   0x0002d9e4       0x6a atmel_start.o
 .debug_macro   0x0002da4e       0x88 atmel_start.o
 .debug_macro   0x0002dad6       0xac atmel_start.o
 .debug_macro   0x0002db82      0x142 atmel_start.o
 .debug_macro   0x0002dcc4      0x138 atmel_start.o
 .debug_macro   0x0002ddfc      0x138 atmel_start.o
 .debug_macro   0x0002df34       0xee atmel_start.o
 .debug_macro   0x0002e022      0x187 atmel_start.o
 .debug_macro   0x0002e1a9      0x180 atmel_start.o
 .debug_macro   0x0002e329      0x180 atmel_start.o
 .debug_macro   0x0002e4a9      0x180 atmel_start.o
 .debug_macro   0x0002e629      0x180 atmel_start.o
 .debug_macro   0x0002e7a9      0x121 atmel_start.o
 .debug_macro   0x0002e8ca      0x352 atmel_start.o
 .debug_macro   0x0002ec1c      0x352 atmel_start.o
 .debug_macro   0x0002ef6e       0x82 atmel_start.o
 .debug_macro   0x0002eff0       0x22 atmel_start.o
 .debug_macro   0x0002f012       0x22 atmel_start.o
 .debug_macro   0x0002f034       0x58 atmel_start.o
 .debug_macro   0x0002f08c       0x28 atmel_start.o
 .debug_macro   0x0002f0b4       0x64 atmel_start.o
 .debug_macro   0x0002f118       0x94 atmel_start.o
 .debug_macro   0x0002f1ac       0x7c atmel_start.o
 .debug_macro   0x0002f228       0x7c atmel_start.o
 .debug_macro   0x0002f2a4       0x8e atmel_start.o
 .debug_macro   0x0002f332       0x34 atmel_start.o
 .debug_macro   0x0002f366      0x1a8 atmel_start.o
 .debug_macro   0x0002f50e      0x1a8 atmel_start.o
 .debug_macro   0x0002f6b6      0x1a8 atmel_start.o
 .debug_macro   0x0002f85e      0x1a8 atmel_start.o
 .debug_macro   0x0002fa06       0x3a atmel_start.o
 .debug_macro   0x0002fa40       0x82 atmel_start.o
 .debug_macro   0x0002fac2       0x82 atmel_start.o
 .debug_macro   0x0002fb44       0x82 atmel_start.o
 .debug_macro   0x0002fbc6       0x70 atmel_start.o
 .debug_macro   0x0002fc36       0x70 atmel_start.o
 .debug_macro   0x0002fca6       0x70 atmel_start.o
 .debug_macro   0x0002fd16       0x70 atmel_start.o
 .debug_macro   0x0002fd86       0x70 atmel_start.o
 .debug_macro   0x0002fdf6       0xf4 atmel_start.o
 .debug_macro   0x0002feea       0xf4 atmel_start.o
 .debug_macro   0x0002ffde       0xf4 atmel_start.o
 .debug_macro   0x000300d2      0x71f atmel_start.o
 .debug_macro   0x000307f1       0x16 atmel_start.o
 .debug_macro   0x00030807       0x22 atmel_start.o
 .debug_macro   0x00030829      0x9bf atmel_start.o
 .debug_macro   0x000311e8      0x59f atmel_start.o
 .debug_macro   0x00031787     0x2879 atmel_start.o
 .debug_macro   0x00034000      0x169 atmel_start.o
 .debug_macro   0x00034169       0x10 atmel_start.o
 .debug_macro   0x00034179       0x10 atmel_start.o
 .debug_macro   0x00034189       0x16 atmel_start.o
 .debug_macro   0x0003419f       0x16 atmel_start.o
 .debug_macro   0x000341b5       0x16 atmel_start.o
 .debug_macro   0x000341cb       0x16 atmel_start.o
 .debug_macro   0x000341e1       0x16 atmel_start.o
 .debug_macro   0x000341f7       0x16 atmel_start.o
 .debug_macro   0x0003420d       0x16 atmel_start.o
 .debug_macro   0x00034223       0x16 atmel_start.o
 .debug_macro   0x00034239       0x16 atmel_start.o
 .debug_macro   0x0003424f       0x16 atmel_start.o
 .debug_macro   0x00034265       0x16 atmel_start.o
 .debug_macro   0x0003427b       0x16 atmel_start.o
 .debug_macro   0x00034291       0x16 atmel_start.o
 .debug_macro   0x000342a7       0x16 atmel_start.o
 .debug_macro   0x000342bd       0x16 atmel_start.o
 .debug_macro   0x000342d3       0x16 atmel_start.o
 .debug_macro   0x000342e9       0x16 atmel_start.o
 .debug_macro   0x000342ff       0x16 atmel_start.o
 .debug_macro   0x00034315       0x16 atmel_start.o
 .debug_macro   0x0003432b       0x16 atmel_start.o
 .debug_macro   0x00034341       0x16 atmel_start.o
 .debug_macro   0x00034357       0x16 atmel_start.o
 .debug_macro   0x0003436d       0x16 atmel_start.o
 .debug_macro   0x00034383       0x16 atmel_start.o
 .debug_macro   0x00034399       0x16 atmel_start.o
 .debug_macro   0x000343af       0x16 atmel_start.o
 .debug_macro   0x000343c5       0x16 atmel_start.o
 .debug_macro   0x000343db      0x27e atmel_start.o
 .debug_macro   0x00034659       0x16 atmel_start.o
 .debug_macro   0x0003466f       0x16 atmel_start.o
 .debug_macro   0x00034685       0x16 atmel_start.o
 .debug_macro   0x0003469b      0x373 atmel_start.o
 .debug_macro   0x00034a0e       0xa9 atmel_start.o
 .debug_macro   0x00034ab7       0x16 atmel_start.o
 .debug_macro   0x00034acd       0x16 atmel_start.o
 .debug_macro   0x00034ae3       0x16 atmel_start.o
 .debug_macro   0x00034af9       0xca atmel_start.o
 .debug_macro   0x00034bc3       0x1c atmel_start.o
 .debug_macro   0x00034bdf       0x16 atmel_start.o
 .debug_macro   0x00034bf5       0x46 atmel_start.o
 .debug_macro   0x00034c3b       0xc9 atmel_start.o
 .debug_macro   0x00034d04      0x91e bms.o
 .debug_macro   0x00035622       0x3a bms.o
 .debug_macro   0x0003565c       0x58 bms.o
 .debug_macro   0x000356b4       0x35 bms.o
 .debug_macro   0x000356e9       0x9c bms.o
 .debug_macro   0x00035785       0x16 bms.o
 .debug_macro   0x0003579b       0x97 bms.o
 .debug_macro   0x00035832      0x353 bms.o
 .debug_macro   0x00035b85       0xf6 bms.o
 .debug_macro   0x00035c7b       0x10 bms.o
 .debug_macro   0x00035c8b       0x58 bms.o
 .debug_macro   0x00035ce3       0x1f bms.o
 .debug_macro   0x00035d02       0x43 bms.o
 .debug_macro   0x00035d45       0x20 bms.o
 .debug_macro   0x00035d65      0x187 bms.o
 .debug_macro   0x00035eec       0x10 bms.o
 .debug_macro   0x00035efc       0x1c bms.o
 .debug_macro   0x00035f18       0x52 bms.o
 .debug_macro   0x00035f6a       0x40 bms.o
 .debug_macro   0x00035faa       0x10 bms.o
 .debug_macro   0x00035fba       0x40 bms.o
 .debug_macro   0x00035ffa       0xd7 bms.o
 .debug_macro   0x000360d1       0x16 bms.o
 .debug_macro   0x000360e7      0x18b bms.o
 .debug_macro   0x00036272       0xd9 bms.o
 .debug_macro   0x0003634b       0x10 bms.o
 .debug_macro   0x0003635b      0x49c Device_Startup/startup_samv71q21b.o
 .debug_macro   0x000367f7       0xd1 Device_Startup/startup_samv71q21b.o
 .debug_macro   0x000368c8      0x7ba driver_init.o
 .debug_macro   0x00037082       0x10 driver_init.o
 .debug_macro   0x00037092       0x46 driver_init.o
 .debug_macro   0x000370d8      0x669 hal/src/hal_atomic.o
 .debug_macro   0x00037741      0x6a0 hal/src/hal_delay.o
 .debug_macro   0x00037de1      0x67e hal/src/hal_io.o
 .debug_macro   0x0003845f      0x6c6 hal/src/hal_spi_m_sync.o
 .debug_macro   0x00038b25      0x6a9 hal/src/hal_usart_sync.o
 .debug_macro   0x000391ce      0x673 hal/utils/src/utils_assert.o
 .debug_macro   0x00039841       0x10 hal/utils/src/utils_assert.o
 .debug_macro   0x00039851      0x6c9 hpl/core/hpl_core_m7_base.o
 .debug_macro   0x00039f1a      0x6e1 hpl/core/hpl_init.o
 .debug_macro   0x0003a5fb      0x324 hpl/core/hpl_init.o
 .debug_macro   0x0003a91f      0x9df hpl/core/hpl_init.o
 .debug_macro   0x0003b2fe      0x692 hpl/pmc/hpl_pmc.o
 .debug_macro   0x0003b990      0x739 hpl/spi/hpl_spi.o
 .debug_macro   0x0003c0c9       0x64 hpl/spi/hpl_spi.o
 .debug_macro   0x0003c12d       0x1c hpl/spi/hpl_spi.o
 .debug_macro   0x0003c149       0x22 hpl/spi/hpl_spi.o
 .debug_macro   0x0003c16b       0x10 hpl/spi/hpl_spi.o
 .debug_macro   0x0003c17b      0x678 hpl/systick/hpl_systick_ARMv7_base.o
 .debug_macro   0x0003c7f3       0x10 hpl/systick/hpl_systick_ARMv7_base.o
 .debug_macro   0x0003c803      0x6e5 hpl/uart/hpl_uart.o
 .debug_macro   0x0003cee8       0x34 hpl/uart/hpl_uart.o
 .debug_macro   0x0003cf1c      0x916 main.o
 .debug_macro   0x0003d832       0x40 main.o

.debug_line     0x00000000     0xf2c8
 .debug_line    0x00000000      0xde6 atmel_start.o
 .debug_line    0x00000de6     0x10d8 bms.o
 .debug_line    0x00001ebe      0x900 Device_Startup/startup_samv71q21b.o
 .debug_line    0x000027be      0xf3e driver_init.o
 .debug_line    0x000036fc      0xc78 hal/src/hal_atomic.o
 .debug_line    0x00004374      0xcac hal/src/hal_delay.o
 .debug_line    0x00005020      0xc70 hal/src/hal_io.o
 .debug_line    0x00005c90      0xda7 hal/src/hal_spi_m_sync.o
 .debug_line    0x00006a37      0xe19 hal/src/hal_usart_sync.o
 .debug_line    0x00007850      0xc4d hal/utils/src/utils_assert.o
 .debug_line    0x0000849d      0xdd4 hpl/core/hpl_core_m7_base.o
 .debug_line    0x00009271      0xd33 hpl/core/hpl_init.o
 .debug_line    0x00009fa4      0xd3e hpl/pmc/hpl_pmc.o
 .debug_line    0x0000ace2     0x1767 hpl/spi/hpl_spi.o
 .debug_line    0x0000c449      0xce7 hpl/systick/hpl_systick_ARMv7_base.o
 .debug_line    0x0000d130     0x1258 hpl/uart/hpl_uart.o
 .debug_line    0x0000e388      0xf40 main.o

.debug_str      0x00000000   0x1459bc
 .debug_str     0x00000000   0x13a746 atmel_start.o
                             0x13b101 (size before relaxing)
 .debug_str     0x0013a746     0x44ff bms.o
                             0x13f622 (size before relaxing)
 .debug_str     0x0013ec45      0x78d Device_Startup/startup_samv71q21b.o
                             0x1353da (size before relaxing)
 .debug_str     0x0013f3d2      0x7f0 driver_init.o
                             0x13bc64 (size before relaxing)
 .debug_str     0x0013fbc2       0x9c hal/src/hal_atomic.o
                             0x13a792 (size before relaxing)
 .debug_str     0x0013fc5e       0x92 hal/src/hal_delay.o
                             0x13a7fc (size before relaxing)
 .debug_str     0x0013fcf0       0x3a hal/src/hal_io.o
                             0x13a82d (size before relaxing)
 .debug_str     0x0013fd2a      0x291 hal/src/hal_spi_m_sync.o
                             0x13b11a (size before relaxing)
 .debug_str     0x0013ffbb      0x4aa hal/src/hal_usart_sync.o
                             0x13b2cd (size before relaxing)
 .debug_str     0x00140465       0x2a hal/utils/src/utils_assert.o
                             0x13a7a2 (size before relaxing)
 .debug_str     0x0014048f      0x5eb hpl/core/hpl_core_m7_base.o
                             0x13b5a7 (size before relaxing)
 .debug_str     0x00140a7a     0x3073 hpl/core/hpl_init.o
                             0x13dbd9 (size before relaxing)
 .debug_str     0x00143aed      0x1d6 hpl/pmc/hpl_pmc.o
                             0x13b809 (size before relaxing)
 .debug_str     0x00143cc3     0x102b hpl/spi/hpl_spi.o
                             0x13c61b (size before relaxing)
 .debug_str     0x00144cee       0xde hpl/systick/hpl_systick_ARMv7_base.o
                             0x13a7fb (size before relaxing)
 .debug_str     0x00144dcc      0xbd5 hpl/uart/hpl_uart.o
                             0x13c2c5 (size before relaxing)
 .debug_str     0x001459a1       0x1b main.o
                             0x13f0a0 (size before relaxing)

.debug_frame    0x00000000     0x1508
 .debug_frame   0x00000000       0x28 atmel_start.o
 .debug_frame   0x00000028      0x134 bms.o
 .debug_frame   0x0000015c       0x38 Device_Startup/startup_samv71q21b.o
 .debug_frame   0x00000194       0xb0 driver_init.o
 .debug_frame   0x00000244       0x40 hal/src/hal_atomic.o
 .debug_frame   0x00000284       0x68 hal/src/hal_delay.o
 .debug_frame   0x000002ec       0x58 hal/src/hal_io.o
 .debug_frame   0x00000344      0x194 hal/src/hal_spi_m_sync.o
 .debug_frame   0x000004d8      0x1f0 hal/src/hal_usart_sync.o
 .debug_frame   0x000006c8       0x20 hal/utils/src/utils_assert.o
 .debug_frame   0x000006e8       0xcc hpl/core/hpl_core_m7_base.o
 .debug_frame   0x000007b4       0x2c hpl/core/hpl_init.o
 .debug_frame   0x000007e0       0x48 hpl/pmc/hpl_pmc.o
 .debug_frame   0x00000828      0x668 hpl/spi/hpl_spi.o
 .debug_frame   0x00000e90       0x78 hpl/systick/hpl_systick_ARMv7_base.o
 .debug_frame   0x00000f08      0x584 hpl/uart/hpl_uart.o
 .debug_frame   0x0000148c       0x50 main.o
 .debug_frame   0x000014dc       0x2c c:/program files (x86)/atmel/studio/7.0/toolchain/arm/arm-gnu-toolchain/bin/../lib/gcc/arm-none-eabi/6.3.1/../../../../arm-none-eabi/lib/thumb/v7e-m\libc_nano.a(lib_a-init.o)
